Archive member included to satisfy reference by file (symbol)

C:/Program Files (x86)/Arm/GNU Toolchain mingw-w64-i686-arm-none-eabi/bin/../lib/gcc/arm-none-eabi/15.2.1/../../../../arm-none-eabi/lib/thumb/v7-m/nofp\libstdc++.a(class_type_info.o)
                              CMakeFiles/Ctrl-Step-STM32-fw.elf.dir/Ctrl/Driver/tb67h450_base.cpp.obj (vtable for __cxxabiv1::__class_type_info)
C:/Program Files (x86)/Arm/GNU Toolchain mingw-w64-i686-arm-none-eabi/bin/../lib/gcc/arm-none-eabi/15.2.1/../../../../arm-none-eabi/lib/thumb/v7-m/nofp\libstdc++.a(del_ops.o)
                              C:/Program Files (x86)/Arm/GNU Toolchain mingw-w64-i686-arm-none-eabi/bin/../lib/gcc/arm-none-eabi/15.2.1/../../../../arm-none-eabi/lib/thumb/v7-m/nofp\libstdc++.a(class_type_info.o) (operator delete(void*, unsigned int))
C:/Program Files (x86)/Arm/GNU Toolchain mingw-w64-i686-arm-none-eabi/bin/../lib/gcc/arm-none-eabi/15.2.1/../../../../arm-none-eabi/lib/thumb/v7-m/nofp\libstdc++.a(si_class_type_info.o)
                              CMakeFiles/Ctrl-Step-STM32-fw.elf.dir/Ctrl/Driver/tb67h450_base.cpp.obj (vtable for __cxxabiv1::__si_class_type_info)
C:/Program Files (x86)/Arm/GNU Toolchain mingw-w64-i686-arm-none-eabi/bin/../lib/gcc/arm-none-eabi/15.2.1/../../../../arm-none-eabi/lib/thumb/v7-m/nofp\libstdc++.a(tinfo.o)
                              C:/Program Files (x86)/Arm/GNU Toolchain mingw-w64-i686-arm-none-eabi/bin/../lib/gcc/arm-none-eabi/15.2.1/../../../../arm-none-eabi/lib/thumb/v7-m/nofp\libstdc++.a(class_type_info.o) (std::type_info::~type_info())
C:/Program Files (x86)/Arm/GNU Toolchain mingw-w64-i686-arm-none-eabi/bin/../lib/gcc/arm-none-eabi/15.2.1/../../../../arm-none-eabi/lib/thumb/v7-m/nofp\libstdc++.a(del_op.o)
                              C:/Program Files (x86)/Arm/GNU Toolchain mingw-w64-i686-arm-none-eabi/bin/../lib/gcc/arm-none-eabi/15.2.1/../../../../arm-none-eabi/lib/thumb/v7-m/nofp\libstdc++.a(del_ops.o) (operator delete(void*))
C:/Program Files (x86)/Arm/GNU Toolchain mingw-w64-i686-arm-none-eabi/bin/../lib/gcc/arm-none-eabi/15.2.1/../../../../arm-none-eabi/lib/thumb/v7-m/nofp\libm.a(libm_a-w_log.o)
                              CMakeFiles/Ctrl-Step-STM32-fw.elf.dir/Core/Src/adc.c.obj (log)
C:/Program Files (x86)/Arm/GNU Toolchain mingw-w64-i686-arm-none-eabi/bin/../lib/gcc/arm-none-eabi/15.2.1/../../../../arm-none-eabi/lib/thumb/v7-m/nofp\libm.a(libm_a-wf_sqrt.o)
                              CMakeFiles/Ctrl-Step-STM32-fw.elf.dir/Ctrl/Motor/motor.cpp.obj (sqrtf)
C:/Program Files (x86)/Arm/GNU Toolchain mingw-w64-i686-arm-none-eabi/bin/../lib/gcc/arm-none-eabi/15.2.1/../../../../arm-none-eabi/lib/thumb/v7-m/nofp\libm.a(libm_a-s_nan.o)
                              C:/Program Files (x86)/Arm/GNU Toolchain mingw-w64-i686-arm-none-eabi/bin/../lib/gcc/arm-none-eabi/15.2.1/../../../../arm-none-eabi/lib/thumb/v7-m/nofp\libm.a(libm_a-w_log.o) (nan)
C:/Program Files (x86)/Arm/GNU Toolchain mingw-w64-i686-arm-none-eabi/bin/../lib/gcc/arm-none-eabi/15.2.1/../../../../arm-none-eabi/lib/thumb/v7-m/nofp\libm.a(libm_a-ef_sqrt.o)
                              C:/Program Files (x86)/Arm/GNU Toolchain mingw-w64-i686-arm-none-eabi/bin/../lib/gcc/arm-none-eabi/15.2.1/../../../../arm-none-eabi/lib/thumb/v7-m/nofp\libm.a(libm_a-wf_sqrt.o) (__ieee754_sqrtf)
C:/Program Files (x86)/Arm/GNU Toolchain mingw-w64-i686-arm-none-eabi/bin/../lib/gcc/arm-none-eabi/15.2.1/../../../../arm-none-eabi/lib/thumb/v7-m/nofp\libm.a(libm_a-e_log.o)
                              C:/Program Files (x86)/Arm/GNU Toolchain mingw-w64-i686-arm-none-eabi/bin/../lib/gcc/arm-none-eabi/15.2.1/../../../../arm-none-eabi/lib/thumb/v7-m/nofp\libm.a(libm_a-w_log.o) (__ieee754_log)
C:/Program Files (x86)/Arm/GNU Toolchain mingw-w64-i686-arm-none-eabi/bin/../lib/gcc/arm-none-eabi/15.2.1/thumb/v7-m/nofp\libgcc.a(_arm_muldf3.o)
                              CMakeFiles/Ctrl-Step-STM32-fw.elf.dir/Core/Src/adc.c.obj (__aeabi_dmul)
C:/Program Files (x86)/Arm/GNU Toolchain mingw-w64-i686-arm-none-eabi/bin/../lib/gcc/arm-none-eabi/15.2.1/thumb/v7-m/nofp\libgcc.a(_arm_mulsf3.o)
                              CMakeFiles/Ctrl-Step-STM32-fw.elf.dir/Core/Src/adc.c.obj (__aeabi_fmul)
C:/Program Files (x86)/Arm/GNU Toolchain mingw-w64-i686-arm-none-eabi/bin/../lib/gcc/arm-none-eabi/15.2.1/thumb/v7-m/nofp\libgcc.a(_arm_addsubdf3.o)
                              CMakeFiles/Ctrl-Step-STM32-fw.elf.dir/Core/Src/adc.c.obj (__aeabi_dsub)
C:/Program Files (x86)/Arm/GNU Toolchain mingw-w64-i686-arm-none-eabi/bin/../lib/gcc/arm-none-eabi/15.2.1/thumb/v7-m/nofp\libgcc.a(_arm_muldivdf3.o)
                              CMakeFiles/Ctrl-Step-STM32-fw.elf.dir/Core/Src/adc.c.obj (__aeabi_ddiv)
C:/Program Files (x86)/Arm/GNU Toolchain mingw-w64-i686-arm-none-eabi/bin/../lib/gcc/arm-none-eabi/15.2.1/thumb/v7-m/nofp\libgcc.a(_arm_cmpdf2.o)
[...]
Memory Configuration

Name             Origin             Length             Attributes
RAM              0x20000000         0x00005000         xrw
FLASH            0x08000000         0x00020000         xr
*default*        0x00000000         0xffffffff

Linker script and memory map

LOAD C:/Program Files (x86)/Arm/GNU Toolchain mingw-w64-i686-arm-none-eabi/bin/../lib/gcc/arm-none-eabi/15.2.1/thumb/v7-m/nofp/crti.o
LOAD C:/Program Files (x86)/Arm/GNU Toolchain mingw-w64-i686-arm-none-eabi/bin/../lib/gcc/arm-none-eabi/15.2.1/thumb/v7-m/nofp/crtbegin.o
LOAD C:/Program Files (x86)/Arm/GNU Toolchain mingw-w64-i686-arm-none-eabi/bin/../lib/gcc/arm-none-eabi/15.2.1/../../../../arm-none-eabi/lib/thumb/v7-m/nofp/crt0.o
LOAD CMakeFiles/Ctrl-Step-STM32-fw.elf.dir/Core/Src/adc.c.obj
LOAD CMakeFiles/Ctrl-Step-STM32-fw.elf.dir/Core/Src/can.c.obj
LOAD CMakeFiles/Ctrl-Step-STM32-fw.elf.dir/Core/Src/dma.c.obj
LOAD CMakeFiles/Ctrl-Step-STM32-fw.elf.dir/Core/Src/gpio.c.obj
LOAD CMakeFiles/Ctrl-Step-STM32-fw.elf.dir/Core/Src/main.c.obj
LOAD CMakeFiles/Ctrl-Step-STM32-fw.elf.dir/Core/Src/spi.c.obj
LOAD CMakeFiles/Ctrl-Step-STM32-fw.elf.dir/Core/Src/stm32f1xx_hal_msp.c.obj
LOAD CMakeFiles/Ctrl-Step-STM32-fw.elf.dir/Core/Src/stm32f1xx_it.c.obj
LOAD CMakeFiles/Ctrl-Step-STM32-fw.elf.dir/Core/Src/syscalls.c.obj
LOAD CMakeFiles/Ctrl-Step-STM32-fw.elf.dir/Core/Src/system_stm32f1xx.c.obj
LOAD CMakeFiles/Ctrl-Step-STM32-fw.elf.dir/Core/Src/tim.c.obj
LOAD CMakeFiles/Ctrl-Step-STM32-fw.elf.dir/Core/Src/usart.c.obj
LOAD CMakeFiles/Ctrl-Step-STM32-fw.elf.dir/Ctrl/Driver/tb67h450_base.cpp.obj
LOAD CMakeFiles/Ctrl-Step-STM32-fw.elf.dir/Ctrl/Motor/motion_planner.cpp.obj
LOAD CMakeFiles/Ctrl-Step-STM32-fw.elf.dir/Ctrl/Motor/motor.cpp.obj
LOAD CMakeFiles/Ctrl-Step-STM32-fw.elf.dir/Ctrl/Sensor/Encoder/encoder_calibrator_base.cpp.obj
LOAD CMakeFiles/Ctrl-Step-STM32-fw.elf.dir/Ctrl/Sensor/Encoder/mt6816_base.cpp.obj
LOAD CMakeFiles/Ctrl-Step-STM32-fw.elf.dir/Ctrl/Signal/button_base.cpp.obj
LOAD CMakeFiles/Ctrl-Step-STM32-fw.elf.dir/Ctrl/Signal/led_base.cpp.obj
LOAD CMakeFiles/Ctrl-Step-STM32-fw.elf.dir/Drivers/STM32F1xx_HAL_Driver/Src/stm32f1xx_hal.c.obj
LOAD CMakeFiles/Ctrl-Step-STM32-fw.elf.dir/Drivers/STM32F1xx_HAL_Driver/Src/stm32f1xx_hal_adc.c.obj
LOAD CMakeFiles/Ctrl-Step-STM32-fw.elf.dir/Drivers/STM32F1xx_HAL_Driver/Src/stm32f1xx_hal_adc_ex.c.obj
LOAD CMakeFiles/Ctrl-Step-STM32-fw.elf.dir/Drivers/STM32F1xx_HAL_Driver/Src/stm32f1xx_hal_can.c.obj
LOAD CMakeFiles/Ctrl-Step-STM32-fw.elf.dir/Drivers/STM32F1xx_HAL_Driver/Src/stm32f1xx_hal_cortex.c.obj
LOAD CMakeFiles/Ctrl-Step-STM32-fw.elf.dir/Drivers/STM32F1xx_HAL_Driver/Src/stm32f1xx_hal_dma.c.obj
LOAD CMakeFiles/Ctrl-Step-STM32-fw.elf.dir/Drivers/STM32F1xx_HAL_Driver/Src/stm32f1xx_hal_exti.c.obj
LOAD CMakeFiles/Ctrl-Step-STM32-fw.elf.dir/Drivers/STM32F1xx_HAL_Driver/Src/stm32f1xx_hal_flash.c.obj
LOAD CMakeFiles/Ctrl-Step-STM32-fw.elf.dir/Drivers/STM32F1xx_HAL_Driver/Src/stm32f1xx_hal_flash_ex.c.obj
LOAD CMakeFiles/Ctrl-Step-STM32-fw.elf.dir/Drivers/STM32F1xx_HAL_Driver/Src/stm32f1xx_hal_gpio.c.obj
LOAD CMakeFiles/Ctrl-Step-STM32-fw.elf.dir/Drivers/STM32F1xx_HAL_Driver/Src/stm32f1xx_hal_gpio_ex.c.obj
LOAD CMakeFiles/Ctrl-Step-STM32-fw.elf.dir/Drivers/STM32F1xx_HAL_Driver/Src/stm32f1xx_hal_pwr.c.obj
LOAD CMakeFiles/Ctrl-Step-STM32-fw.elf.dir/Drivers/STM32F1xx_HAL_Driver/Src/stm32f1xx_hal_rcc.c.obj
LOAD CMakeFiles/Ctrl-Step-STM32-fw.elf.dir/Drivers/STM32F1xx_HAL_Driver/Src/stm32f1xx_hal_rcc_ex.c.obj
LOAD CMakeFiles/Ctrl-Step-STM32-fw.elf.dir/Drivers/STM32F1xx_HAL_Driver/Src/stm32f1xx_hal_spi.c.obj
LOAD CMakeFiles/Ctrl-Step-STM32-fw.elf.dir/Drivers/STM32F1xx_HAL_Driver/Src/stm32f1xx_hal_tim.c.obj
LOAD CMakeFiles/Ctrl-Step-STM32-fw.elf.dir/Drivers/STM32F1xx_HAL_Driver/Src/stm32f1xx_hal_tim_ex.c.obj
LOAD CMakeFiles/Ctrl-Step-STM32-fw.elf.dir/Drivers/STM32F1xx_HAL_Driver/Src/stm32f1xx_hal_uart.c.obj
LOAD CMakeFiles/Ctrl-Step-STM32-fw.elf.dir/Port/Platform/Memory/emulated_eeprom.cpp.obj
LOAD CMakeFiles/Ctrl-Step-STM32-fw.elf.dir/Port/Platform/Memory/stockpile_f103cb.c.obj
LOAD CMakeFiles/Ctrl-Step-STM32-fw.elf.dir/Port/Platform/Utils/st_hardware.c.obj
LOAD CMakeFiles/Ctrl-Step-STM32-fw.elf.dir/Port/Platform/retarget.c.obj
LOAD CMakeFiles/Ctrl-Step-STM32-fw.elf.dir/Port/button_stm32.cpp.obj
LOAD CMakeFiles/Ctrl-Step-STM32-fw.elf.dir/Port/encoder_calibrator_stm32.cpp.obj
LOAD CMakeFiles/Ctrl-Step-STM32-fw.elf.dir/Port/led_stm32.cpp.obj
LOAD CMakeFiles/Ctrl-Step-STM32-fw.elf.dir/Port/mt6816_stm32.cpp.obj
LOAD CMakeFiles/Ctrl-Step-STM32-fw.elf.dir/Port/tb67h450_stm32.cpp.obj
LOAD CMakeFiles/Ctrl-Step-STM32-fw.elf.dir/UserApp/main.cpp.obj
LOAD CMakeFiles/Ctrl-Step-STM32-fw.elf.dir/UserApp/protocols/interface_can.cpp.obj
LOAD CMakeFiles/Ctrl-Step-STM32-fw.elf.dir/UserApp/protocols/interface_uart.cpp.obj
LOAD CMakeFiles/Ctrl-Step-STM32-fw.elf.dir/startup/startup_stm32f103xb.s.obj
LOAD C:/Program Files (x86)/Arm/GNU Toolchain mingw-w64-i686-arm-none-eabi/bin/../lib/gcc/arm-none-eabi/15.2.1/../../../../arm-none-eabi/lib/thumb/v7-m/nofp\libstdc++.a
LOAD C:/Program Files (x86)/Arm/GNU Toolchain mingw-w64-i686-arm-none-eabi/bin/../lib/gcc/arm-none-eabi/15.2.1/../../../../arm-none-eabi/lib/thumb/v7-m/nofp\libm.a
START GROUP
LOAD C:/Program Files (x86)/Arm/GNU Toolchain mingw-w64-i686-arm-none-eabi/bin/../lib/gcc/arm-none-eabi/15.2.1/thumb/v7-m/nofp\libgcc.a
LOAD C:/Program Files (x86)/Arm/GNU Toolchain mingw-w64-i686-arm-none-eabi/bin/../lib/gcc/arm-none-eabi/15.2.1/../../../../arm-none-eabi/lib/thumb/v7-m/nofp\libc.a
END GROUP
LOAD C:/Program Files (x86)/Arm/GNU Toolchain mingw-w64-i686-arm-none-eabi/bin/../lib/gcc/arm-none-eabi/15.2.1/thumb/v7-m/nofp/crtend.o
LOAD C:/Program Files (x86)/Arm/GNU Toolchain mingw-w64-i686-arm-none-eabi/bin/../lib/gcc/arm-none-eabi/15.2.1/thumb/v7-m/nofp/crtn.o
                0x20005000                        _estack = 0x20005000
                0x00000200                        _Min_Heap_Size = 0x200
                0x00000400                        _Min_Stack_Size = 0x400

.isr_vector     0x08000000      0x10c
                0x08000000                        . = ALIGN (0x4)
 *(.isr_vector)
 .isr_vector    0x08000000      0x10c CMakeFiles/Ctrl-Step-STM32-fw.elf.dir/startup/startup_stm32f103xb.s.obj
                0x08000000                g_pfnVectors
                0x0800010c                        . = ALIGN (0x4)

.text           0x08000110     0xf5fc
                0x08000110                        . = ALIGN (0x4)
 *(.text)
 .text          0x08000110      0x378 C:/Program Files (x86)/Arm/GNU Toolchain mingw-w64-i686-arm-none-eabi/bin/../lib/gcc/arm-none-eabi/15.2.1/thumb/v7-m/nofp\libgcc.a(_arm_addsubdf3.o)
                0x08000110                __aeabi_drsub
                0x08000118                __aeabi_dsub
                0x08000118                __subdf3
                0x0800011c                __aeabi_dadd
                0x0800011c                __adddf3
                0x08000394                __floatunsidf
                0x08000394                __aeabi_ui2d
                0x080003b4                __floatsidf
                0x080003b4                __aeabi_i2d
                0x080003d8                __aeabi_f2d
                0x080003d8                __extendsfdf2
                0x0800041c                __floatundidf
                0x0800041c                __aeabi_ul2d
                0x0800042c                __floatdidf
                0x0800042c                __aeabi_l2d
 .text          0x08000488      0x424 C:/Program Files (x86)/Arm/GNU Toolchain mingw-w64-i686-arm-none-eabi/bin/../lib/gcc/arm-none-eabi/15.2.1/thumb/v7-m/nofp\libgcc.a(_arm_muldivdf3.o)
                0x08000488                __aeabi_dmul
                0x08000488                __muldf3
                0x080006dc                __divdf3
                0x080006dc                __aeabi_ddiv
 .text          0x080008ac      0x110 C:/Program Files (x86)/Arm/GNU Toolchain mingw-w64-i686-arm-none-eabi/bin/../lib/gcc/arm-none-eabi/15.2.1/thumb/v7-m/nofp\libgcc.a(_arm_cmpdf2.o)
                0x080008ac                __gtdf2
                0x080008ac                __gedf2
                0x080008b4                __ltdf2
                0x080008b4                __ledf2
                0x080008bc                __nedf2
                0x080008bc                __eqdf2
                0x080008bc                __cmpdf2
                0x08000938                __aeabi_cdrcmple
                0x08000948                __aeabi_cdcmpeq
                0x08000948                __aeabi_cdcmple
                0x08000958                __aeabi_dcmpeq
                0x0800096c                __aeabi_dcmplt
                0x08000980                __aeabi_dcmple
                0x08000994                __aeabi_dcmpge
                0x080009a8                __aeabi_dcmpgt
 .text          0x080009bc       0x2c C:/Program Files (x86)/Arm/GNU Toolchain mingw-w64-i686-arm-none-eabi/bin/../lib/gcc/arm-none-eabi/15.2.1/thumb/v7-m/nofp\libgcc.a(_arm_unorddf2.o)
                0x080009bc                __unorddf2
                0x080009bc                __aeabi_dcmpun
 .text          0x080009e8       0xa0 C:/Program Files (x86)/Arm/GNU Toolchain mingw-w64-i686-arm-none-eabi/bin/../lib/gcc/arm-none-eabi/15.2.1/thumb/v7-m/nofp\libgcc.a(_arm_truncdfsf2.o)
                0x080009e8                __truncdfsf2
                0x080009e8                __aeabi_d2f
 .text          0x08000a88      0x21c C:/Program Files (x86)/Arm/GNU Toolchain mingw-w64-i686-arm-none-eabi/bin/../lib/gcc/arm-none-eabi/15.2.1/thumb/v7-m/nofp\libgcc.a(_arm_addsubsf3.o)
                0x08000a88                __aeabi_frsub
                0x08000a90                __subsf3
                0x08000a90                __aeabi_fsub
                0x08000a94                __aeabi_fadd
                0x08000a94                __addsf3
                0x08000bf4                __aeabi_ui2f
                0x08000bf4                __floatunsisf
                0x08000bfc                __aeabi_i2f
                0x08000bfc                __floatsisf
                0x08000c18                __aeabi_ul2f
                0x08000c18                __floatundisf
                0x08000c28                __aeabi_l2f
                0x08000c28                __floatdisf
 .text          0x08000ca4      0x2a0 C:/Program Files (x86)/Arm/GNU Toolchain mingw-w64-i686-arm-none-eabi/bin/../lib/gcc/arm-none-eabi/15.2.1/thumb/v7-m/nofp\libgcc.a(_arm_muldivsf3.o)
                0x08000ca4                __mulsf3
                0x08000ca4                __aeabi_fmul
                0x08000e0c                __aeabi_fdiv
                0x08000e0c                __divsf3
 .text          0x08000f44       0xec C:/Program Files (x86)/Arm/GNU Toolchain mingw-w64-i686-arm-none-eabi/bin/../lib/gcc/arm-none-eabi/15.2.1/thumb/v7-m/nofp\libgcc.a(_arm_cmpsf2.o)
                0x08000f44                __gesf2
                0x08000f44                __gtsf2
                0x08000f4c                __lesf2
                0x08000f4c                __ltsf2
                0x08000f54                __nesf2
                0x08000f54                __eqsf2
                0x08000f54                __cmpsf2
                0x08000fb4                __aeabi_cfrcmple
                0x08000fbc                __aeabi_cfcmpeq
                0x08000fbc                __aeabi_cfcmple
                0x08000fcc                __aeabi_fcmpeq
                0x08000fe0                __aeabi_fcmplt
                0x08000ff4                __aeabi_fcmple
                0x08001008                __aeabi_fcmpge
                0x0800101c                __aeabi_fcmpgt
 .text          0x08001030       0x2c C:/Program Files (x86)/Arm/GNU Toolchain mingw-w64-i686-arm-none-eabi/bin/../lib/gcc/arm-none-eabi/15.2.1/thumb/v7-m/nofp\libgcc.a(_arm_unordsf2.o)
                0x08001030                __unordsf2
                0x08001030                __aeabi_fcmpun
 .text          0x0800105c       0x4c C:/Program Files (x86)/Arm/GNU Toolchain mingw-w64-i686-arm-none-eabi/bin/../lib/gcc/arm-none-eabi/15.2.1/thumb/v7-m/nofp\libgcc.a(_arm_fixsfsi.o)
                0x0800105c                __aeabi_f2iz
                0x0800105c                __fixsfsi
 .text          0x080010a8      0x198 C:/Program Files (x86)/Arm/GNU Toolchain mingw-w64-i686-arm-none-eabi/bin/../lib/gcc/arm-none-eabi/15.2.1/thumb/v7-m/nofp\libgcc.a(libunwind.o)
                0x080010a8                __restore_core_regs
                0x080010a8                restore_core_regs
                0x080010c0                __gnu_Unwind_Restore_VFP
                0x080010c8                __gnu_Unwind_Save_VFP
                0x080010d0                __gnu_Unwind_Restore_VFP_D
                0x080010d8                __gnu_Unwind_Save_VFP_D
                0x080010e0                __gnu_Unwind_Restore_VFP_D_16_to_31
                0x080010e8                __gnu_Unwind_Save_VFP_D_16_to_31
                0x080010f0                __gnu_Unwind_Restore_WMMXD
                0x08001134                __gnu_Unwind_Save_WMMXD
                0x08001178                __gnu_Unwind_Restore_WMMXC
                0x0800118c                __gnu_Unwind_Save_WMMXC
                0x080011a0                ___Unwind_RaiseException
                0x080011a0                _Unwind_RaiseException
                0x080011c0                _Unwind_Resume
                0x080011c0                ___Unwind_Resume
                0x080011e0                _Unwind_Resume_or_Rethrow
                0x080011e0                ___Unwind_Resume_or_Rethrow
                0x08001200                _Unwind_ForcedUnwind
                0x08001200                ___Unwind_ForcedUnwind
                0x08001220                ___Unwind_Backtrace
                0x08001220                _Unwind_Backtrace
 .text          0x08001240      0x1bc C:/Program Files (x86)/Arm/GNU Toolchain mingw-w64-i686-arm-none-eabi/bin/../lib/gcc/arm-none-eabi/15.2.1/../../../../arm-none-eabi/lib/thumb/v7-m/nofp\libc.a(libc_a-strcmp.o)
                0x08001240                strcmp
 .text          0x080013fc       0xec C:/Program Files (x86)/Arm/GNU Toolchain mingw-w64-i686-arm-none-eabi/bin/../lib/gcc/arm-none-eabi/15.2.1/../../../../arm-none-eabi/lib/thumb/v7-m/nofp\libc.a(libc_a-memcpy.o)
                0x080013fc                memcpy
 .text          0x080014e8       0x40 C:/Program Files (x86)/Arm/GNU Toolchain mingw-w64-i686-arm-none-eabi/bin/../lib/gcc/arm-none-eabi/15.2.1/thumb/v7-m/nofp\libgcc.a(_arm_fixunsdfsi.o)
                0x080014e8                __aeabi_d2uiz
                0x080014e8                __fixunsdfsi
 *(.text*)
 .text.deregister_tm_clones
                0x08001528       0x1c C:/Program Files (x86)/Arm/GNU Toolchain mingw-w64-i686-arm-none-eabi/bin/../lib/gcc/arm-none-eabi/15.2.1/thumb/v7-m/nofp/crtbegin.o
 .text.register_tm_clones
                0x08001544       0x24 C:/Program Files (x86)/Arm/GNU Toolchain mingw-w64-i686-arm-none-eabi/bin/../lib/gcc/arm-none-eabi/15.2.1/thumb/v7-m/nofp/crtbegin.o
 .text.__do_global_dtors_aux
                0x08001568       0x28 C:/Program Files (x86)/Arm/GNU Toolchain mingw-w64-i686-arm-none-eabi/bin/../lib/gcc/arm-none-eabi/15.2.1/thumb/v7-m/nofp/crtbegin.o
 .text.frame_dummy
                0x08001590       0x24 C:/Program Files (x86)/Arm/GNU Toolchain mingw-w64-i686-arm-none-eabi/bin/../lib/gcc/arm-none-eabi/15.2.1/thumb/v7-m/nofp/crtbegin.o
 .text.MX_ADC1_Init
                0x080015b4       0x90 CMakeFiles/Ctrl-Step-STM32-fw.elf.dir/Core/Src/adc.c.obj
                0x080015b4                MX_ADC1_Init
 .text.HAL_ADC_MspInit
                0x08001644       0x9c CMakeFiles/Ctrl-Step-STM32-fw.elf.dir/Core/Src/adc.c.obj
                0x08001644                HAL_ADC_MspInit
 .text.AdcGetChipTemperature
                0x080016e0       0x98 CMakeFiles/Ctrl-Step-STM32-fw.elf.dir/Core/Src/adc.c.obj
                0x080016e0                AdcGetChipTemperature
 .text.MX_CAN_Init
                0x08001778       0xa4 CMakeFiles/Ctrl-Step-STM32-fw.elf.dir/Core/Src/can.c.obj
                0x08001778                MX_CAN_Init
 .text.HAL_CAN_MspInit
                0x0800181c       0xc8 CMakeFiles/Ctrl-Step-STM32-fw.elf.dir/Core/Src/can.c.obj
                0x0800181c                HAL_CAN_MspInit
 .text.CAN_Send
                0x080018e4       0x20 CMakeFiles/Ctrl-Step-STM32-fw.elf.dir/Core/Src/can.c.obj
                0x080018e4                CAN_Send
 .text.HAL_CAN_RxFifo0MsgPendingCallback
                0x08001904       0x58 CMakeFiles/Ctrl-Step-STM32-fw.elf.dir/Core/Src/can.c.obj
                0x08001904                HAL_CAN_RxFifo0MsgPendingCallback
 .text.MX_DMA_Init
                0x0800195c       0x50 CMakeFiles/Ctrl-Step-STM32-fw.elf.dir/Core/Src/dma.c.obj
                0x0800195c                MX_DMA_Init
 .text.MX_GPIO_Init
                0x080019ac      0x14c CMakeFiles/Ctrl-Step-STM32-fw.elf.dir/Core/Src/gpio.c.obj
                0x080019ac                MX_GPIO_Init
 .text.Error_Handler
                0x08001af8        0x4 CMakeFiles/Ctrl-Step-STM32-fw.elf.dir/Core/Src/main.c.obj
                0x08001af8                Error_Handler
 .text.SystemClock_Config
                0x08001afc       0x80 CMakeFiles/Ctrl-Step-STM32-fw.elf.dir/Core/Src/main.c.obj
                0x08001afc                SystemClock_Config
 .text.main     0x08001b7c       0x38 CMakeFiles/Ctrl-Step-STM32-fw.elf.dir/Core/Src/main.c.obj
                0x08001b7c                main
 .text.MX_SPI1_Init
                0x08001bb4       0x4c CMakeFiles/Ctrl-Step-STM32-fw.elf.dir/Core/Src/spi.c.obj
                0x08001bb4                MX_SPI1_Init
 .text.HAL_SPI_MspInit
                0x08001c00       0x84 CMakeFiles/Ctrl-Step-STM32-fw.elf.dir/Core/Src/spi.c.obj
                0x08001c00                HAL_SPI_MspInit
 .text.HAL_MspInit
                0x08001c84       0x44 CMakeFiles/Ctrl-Step-STM32-fw.elf.dir/Core/Src/stm32f1xx_hal_msp.c.obj
                0x08001c84                HAL_MspInit
 .text.NMI_Handler
                0x08001cc8        0x2 CMakeFiles/Ctrl-Step-STM32-fw.elf.dir/Core/Src/stm32f1xx_it.c.obj
                0x08001cc8                NMI_Handler
 .text.HardFault_Handler
                0x08001cca        0x2 CMakeFiles/Ctrl-Step-STM32-fw.elf.dir/Core/Src/stm32f1xx_it.c.obj
                0x08001cca                HardFault_Handler
 .text.MemManage_Handler
                0x08001ccc        0x2 CMakeFiles/Ctrl-Step-STM32-fw.elf.dir/Core/Src/stm32f1xx_it.c.obj
                0x08001ccc                MemManage_Handler
 .text.BusFault_Handler
                0x08001cce        0x2 CMakeFiles/Ctrl-Step-STM32-fw.elf.dir/Core/Src/stm32f1xx_it.c.obj
                0x08001cce                BusFault_Handler
 .text.UsageFault_Handler
                0x08001cd0        0x2 CMakeFiles/Ctrl-Step-STM32-fw.elf.dir/Core/Src/stm32f1xx_it.c.obj
                0x08001cd0                UsageFault_Handler
 .text.SVC_Handler
                0x08001cd2        0x2 CMakeFiles/Ctrl-Step-STM32-fw.elf.dir/Core/Src/stm32f1xx_it.c.obj
                0x08001cd2                SVC_Handler
 .text.DebugMon_Handler
                0x08001cd4        0x2 CMakeFiles/Ctrl-Step-STM32-fw.elf.dir/Core/Src/stm32f1xx_it.c.obj
                0x08001cd4                DebugMon_Handler
 .text.PendSV_Handler
                0x08001cd6        0x2 CMakeFiles/Ctrl-Step-STM32-fw.elf.dir/Core/Src/stm32f1xx_it.c.obj
                0x08001cd6                PendSV_Handler
 .text.SysTick_Handler
                0x08001cd8        0x8 CMakeFiles/Ctrl-Step-STM32-fw.elf.dir/Core/Src/stm32f1xx_it.c.obj
                0x08001cd8                SysTick_Handler
 .text.DMA1_Channel1_IRQHandler
                0x08001ce0       0x10 CMakeFiles/Ctrl-Step-STM32-fw.elf.dir/Core/Src/stm32f1xx_it.c.obj
                0x08001ce0                DMA1_Channel1_IRQHandler
 .text.DMA1_Channel4_IRQHandler
                0x08001cf0       0x10 CMakeFiles/Ctrl-Step-STM32-fw.elf.dir/Core/Src/stm32f1xx_it.c.obj
                0x08001cf0                DMA1_Channel4_IRQHandler
 .text.DMA1_Channel5_IRQHandler
                0x08001d00       0x10 CMakeFiles/Ctrl-Step-STM32-fw.elf.dir/Core/Src/stm32f1xx_it.c.obj
                0x08001d00                DMA1_Channel5_IRQHandler
 .text.USB_HP_CAN1_TX_IRQHandler
                0x08001d10       0x10 CMakeFiles/Ctrl-Step-STM32-fw.elf.dir/Core/Src/stm32f1xx_it.c.obj
                0x08001d10                USB_HP_CAN1_TX_IRQHandler
 .text.USB_LP_CAN1_RX0_IRQHandler
                0x08001d20       0x10 CMakeFiles/Ctrl-Step-STM32-fw.elf.dir/Core/Src/stm32f1xx_it.c.obj
                0x08001d20                USB_LP_CAN1_RX0_IRQHandler
 .text.CAN1_RX1_IRQHandler
                0x08001d30       0x10 CMakeFiles/Ctrl-Step-STM32-fw.elf.dir/Core/Src/stm32f1xx_it.c.obj
                0x08001d30                CAN1_RX1_IRQHandler
 .text.CAN1_SCE_IRQHandler
                0x08001d40       0x10 CMakeFiles/Ctrl-Step-STM32-fw.elf.dir/Core/Src/stm32f1xx_it.c.obj
                0x08001d40                CAN1_SCE_IRQHandler
 .text.EXTI9_5_IRQHandler
                0x08001d50        0x2 CMakeFiles/Ctrl-Step-STM32-fw.elf.dir/Core/Src/stm32f1xx_it.c.obj
                0x08001d50                EXTI9_5_IRQHandler
 .text.TIM1_UP_IRQHandler
                0x08001d52        0x8 CMakeFiles/Ctrl-Step-STM32-fw.elf.dir/Core/Src/stm32f1xx_it.c.obj
                0x08001d52                TIM1_UP_IRQHandler
 .text.TIM3_IRQHandler
                0x08001d5a        0x2 CMakeFiles/Ctrl-Step-STM32-fw.elf.dir/Core/Src/stm32f1xx_it.c.obj
                0x08001d5a                TIM3_IRQHandler
 .text.TIM4_IRQHandler
                0x08001d5c        0x8 CMakeFiles/Ctrl-Step-STM32-fw.elf.dir/Core/Src/stm32f1xx_it.c.obj
                0x08001d5c                TIM4_IRQHandler
 .text.USART1_IRQHandler
                0x08001d64       0x80 CMakeFiles/Ctrl-Step-STM32-fw.elf.dir/Core/Src/stm32f1xx_it.c.obj
                0x08001d64                USART1_IRQHandler
 .text._getpid  0x08001de4        0x4 CMakeFiles/Ctrl-Step-STM32-fw.elf.dir/Core/Src/syscalls.c.obj
                0x08001de4                _getpid
 .text._kill    0x08001de8       0x10 CMakeFiles/Ctrl-Step-STM32-fw.elf.dir/Core/Src/syscalls.c.obj
                0x08001de8                _kill
 .text._exit    0x08001df8        0xc CMakeFiles/Ctrl-Step-STM32-fw.elf.dir/Core/Src/syscalls.c.obj
                0x08001df8                _exit
 .text._sbrk    0x08001e04       0x3c CMakeFiles/Ctrl-Step-STM32-fw.elf.dir/Core/Src/syscalls.c.obj
                0x08001e04                _sbrk
 .text.SystemInit
                0x08001e40        0x2 CMakeFiles/Ctrl-Step-STM32-fw.elf.dir/Core/Src/system_stm32f1xx.c.obj
                0x08001e40                SystemInit
 *fill*         0x08001e42        0x2 
 .text.MX_TIM1_Init
                0x08001e44       0x70 CMakeFiles/Ctrl-Step-STM32-fw.elf.dir/Core/Src/tim.c.obj
                0x08001e44                MX_TIM1_Init
 .text.MX_TIM3_Init
                0x08001eb4       0xa8 CMakeFiles/Ctrl-Step-STM32-fw.elf.dir/Core/Src/tim.c.obj
                0x08001eb4                MX_TIM3_Init
 .text.MX_TIM4_Init
                0x08001f5c       0x6c CMakeFiles/Ctrl-Step-STM32-fw.elf.dir/Core/Src/tim.c.obj
                0x08001f5c                MX_TIM4_Init
 .text.HAL_TIM_Base_MspInit
                0x08001fc8       0xcc CMakeFiles/Ctrl-Step-STM32-fw.elf.dir/Core/Src/tim.c.obj
                0x08001fc8                HAL_TIM_Base_MspInit
 .text.HAL_TIM_PWM_MspInit
                0x08002094       0x26 CMakeFiles/Ctrl-Step-STM32-fw.elf.dir/Core/Src/tim.c.obj
                0x08002094                HAL_TIM_PWM_MspInit
 *fill*         0x080020ba        0x2 
 .text.HAL_TIM_MspPostInit
                0x080020bc       0x64 CMakeFiles/Ctrl-Step-STM32-fw.elf.dir/Core/Src/tim.c.obj
                0x080020bc                HAL_TIM_MspPostInit
 .text.MX_TIM2_Init
                0x08002120       0xa0 CMakeFiles/Ctrl-Step-STM32-fw.elf.dir/Core/Src/tim.c.obj
                0x08002120                MX_TIM2_Init
 .text.HAL_UART_MspInit
                0x080021c0      0x100 CMakeFiles/Ctrl-Step-STM32-fw.elf.dir/Core/Src/usart.c.obj
                0x080021c0                HAL_UART_MspInit
 .text.Uart_SetRxCpltCallBack
                0x080022c0        0xc CMakeFiles/Ctrl-Step-STM32-fw.elf.dir/Core/Src/usart.c.obj
                0x080022c0                Uart_SetRxCpltCallBack
 .text.MX_USART1_UART_Init
                0x080022cc       0x60 CMakeFiles/Ctrl-Step-STM32-fw.elf.dir/Core/Src/usart.c.obj
                0x080022cc                MX_USART1_UART_Init
 .text._ZN12TB67H450Base8InitGpioEv
                0x0800232c        0x2 CMakeFiles/Ctrl-Step-STM32-fw.elf.dir/Ctrl/Driver/tb67h450_base.cpp.obj
                0x0800232c                TB67H450Base::InitGpio()
 .text._ZN12TB67H450Base7InitPwmEv
                0x0800232e        0x2 CMakeFiles/Ctrl-Step-STM32-fw.elf.dir/Ctrl/Driver/tb67h450_base.cpp.obj
                0x0800232e                TB67H450Base::InitPwm()
 .text._ZN12TB67H450Base16DacOutputVoltageEtt
                0x08002330        0x2 CMakeFiles/Ctrl-Step-STM32-fw.elf.dir/Ctrl/Driver/tb67h450_base.cpp.obj
                0x08002330                TB67H450Base::DacOutputVoltage(unsigned short, unsigned short)
 .text._ZN12TB67H450Base9SetInputAEbb
                0x08002332        0x2 CMakeFiles/Ctrl-Step-STM32-fw.elf.dir/Ctrl/Driver/tb67h450_base.cpp.obj
                0x08002332                TB67H450Base::SetInputA(bool, bool)
 .text._ZN12TB67H450Base9SetInputBEbb
                0x08002334        0x2 CMakeFiles/Ctrl-Step-STM32-fw.elf.dir/Ctrl/Driver/tb67h450_base.cpp.obj
                0x08002334                TB67H450Base::SetInputB(bool, bool)
 .text._ZN12TB67H450Base4InitEv
                0x08002336       0x14 CMakeFiles/Ctrl-Step-STM32-fw.elf.dir/Ctrl/Driver/tb67h450_base.cpp.obj
                0x08002336                TB67H450Base::Init()
 *fill*         0x0800234a        0x2 
 .text._ZN12TB67H450Base19SetFocCurrentVectorEml
                0x0800234c       0xd8 CMakeFiles/Ctrl-Step-STM32-fw.elf.dir/Ctrl/Driver/tb67h450_base.cpp.obj
                0x0800234c                TB67H450Base::SetFocCurrentVector(unsigned long, long)
 .text._ZN12TB67H450Base18SetTwoCoilsCurrentEtt
                0x08002424        0xa CMakeFiles/Ctrl-Step-STM32-fw.elf.dir/Ctrl/Driver/tb67h450_base.cpp.obj
                0x08002424                TB67H450Base::SetTwoCoilsCurrent(unsigned short, unsigned short)
 .text._ZN12TB67H450Base5SleepEv
                0x0800242e       0x2e CMakeFiles/Ctrl-Step-STM32-fw.elf.dir/Ctrl/Driver/tb67h450_base.cpp.obj
                0x0800242e                TB67H450Base::Sleep()
 .text._ZN12TB67H450Base5BrakeEv
                0x0800245c       0x2c CMakeFiles/Ctrl-Step-STM32-fw.elf.dir/Ctrl/Driver/tb67h450_base.cpp.obj
                0x0800245c                TB67H450Base::Brake()
 .text._ZN13MotionPlanner14CurrentTracker7NewTaskEl
                0x08002488        0x8 CMakeFiles/Ctrl-Step-STM32-fw.elf.dir/Ctrl/Motor/motion_planner.cpp.obj
                0x08002488                MotionPlanner::CurrentTracker::NewTask(long)
 .text._ZN13MotionPlanner14CurrentTracker19CalcCurrentIntegralEl
                0x08002490       0x28 CMakeFiles/Ctrl-Step-STM32-fw.elf.dir/Ctrl/Motor/motion_planner.cpp.obj
                0x08002490                MotionPlanner::CurrentTracker::CalcCurrentIntegral(long)
 .text._ZN13MotionPlanner14CurrentTracker12CalcSoftGoalEl
                0x080024b8       0x78 CMakeFiles/Ctrl-Step-STM32-fw.elf.dir/Ctrl/Motor/motion_planner.cpp.obj
                0x080024b8                MotionPlanner::CurrentTracker::CalcSoftGoal(long)
 .text._ZN13MotionPlanner14CurrentTracker13SetCurrentAccEl
                0x08002530        0x4 CMakeFiles/Ctrl-Step-STM32-fw.elf.dir/Ctrl/Motor/motion_planner.cpp.obj
                0x08002530                MotionPlanner::CurrentTracker::SetCurrentAcc(long)
 .text._ZN13MotionPlanner14CurrentTracker4InitEv
                0x08002534       0x10 CMakeFiles/Ctrl-Step-STM32-fw.elf.dir/Ctrl/Motor/motion_planner.cpp.obj
                0x08002534                MotionPlanner::CurrentTracker::Init()
 .text._ZN13MotionPlanner15VelocityTracker14SetVelocityAccEl
                0x08002544        0x4 CMakeFiles/Ctrl-Step-STM32-fw.elf.dir/Ctrl/Motor/motion_planner.cpp.obj
                0x08002544                MotionPlanner::VelocityTracker::SetVelocityAcc(long)
 .text._ZN13MotionPlanner15VelocityTracker4InitEv
                0x08002548       0x10 CMakeFiles/Ctrl-Step-STM32-fw.elf.dir/Ctrl/Motor/motion_planner.cpp.obj
                0x08002548                MotionPlanner::VelocityTracker::Init()
 .text._ZN13MotionPlanner15VelocityTracker7NewTaskEl
                0x08002558        0x8 CMakeFiles/Ctrl-Step-STM32-fw.elf.dir/Ctrl/Motor/motion_planner.cpp.obj
                0x08002558                MotionPlanner::VelocityTracker::NewTask(long)
 .text._ZN13MotionPlanner15VelocityTracker20CalcVelocityIntegralEl
                0x08002560       0x28 CMakeFiles/Ctrl-Step-STM32-fw.elf.dir/Ctrl/Motor/motion_planner.cpp.obj
                0x08002560                MotionPlanner::VelocityTracker::CalcVelocityIntegral(long)
 .text._ZN13MotionPlanner15VelocityTracker12CalcSoftGoalEl
                0x08002588       0x78 CMakeFiles/Ctrl-Step-STM32-fw.elf.dir/Ctrl/Motor/motion_planner.cpp.obj
                0x08002588                MotionPlanner::VelocityTracker::CalcSoftGoal(long)
 .text._ZN13MotionPlanner15PositionTracker14SetVelocityAccEl
                0x08002600       0x1c CMakeFiles/Ctrl-Step-STM32-fw.elf.dir/Ctrl/Motor/motion_planner.cpp.obj
                0x08002600                MotionPlanner::PositionTracker::SetVelocityAcc(long)
 .text._ZN13MotionPlanner15PositionTracker4InitEv
                0x0800261c       0x2c CMakeFiles/Ctrl-Step-STM32-fw.elf.dir/Ctrl/Motor/motion_planner.cpp.obj
                0x0800261c                MotionPlanner::PositionTracker::Init()
 .text._ZN13MotionPlanner15PositionTracker7NewTaskEll
                0x08002648        0xc CMakeFiles/Ctrl-Step-STM32-fw.elf.dir/Ctrl/Motor/motion_planner.cpp.obj
                0x08002648                MotionPlanner::PositionTracker::NewTask(long, long)
 .text._ZN13MotionPlanner15PositionTracker20CalcPositionIntegralEl
                0x08002654       0x28 CMakeFiles/Ctrl-Step-STM32-fw.elf.dir/Ctrl/Motor/motion_planner.cpp.obj
                0x08002654                MotionPlanner::PositionTracker::CalcPositionIntegral(long)
 .text._ZN13MotionPlanner15PositionTracker20CalcVelocityIntegralEl
                0x0800267c       0x28 CMakeFiles/Ctrl-Step-STM32-fw.elf.dir/Ctrl/Motor/motion_planner.cpp.obj
                0x0800267c                MotionPlanner::PositionTracker::CalcVelocityIntegral(long)
 .text._ZN13MotionPlanner15PositionTracker12CalcSoftGoalEl
                0x080026a4      0x1f6 CMakeFiles/Ctrl-Step-STM32-fw.elf.dir/Ctrl/Motor/motion_planner.cpp.obj
                0x080026a4                MotionPlanner::PositionTracker::CalcSoftGoal(long)
 .text._ZN13MotionPlanner20PositionInterpolator7NewTaskEll
                0x0800289a        0xa CMakeFiles/Ctrl-Step-STM32-fw.elf.dir/Ctrl/Motor/motion_planner.cpp.obj
                0x0800289a                MotionPlanner::PositionInterpolator::NewTask(long, long)
 .text._ZN13MotionPlanner20PositionInterpolator12CalcSoftGoalEl
                0x080028a4       0x30 CMakeFiles/Ctrl-Step-STM32-fw.elf.dir/Ctrl/Motor/motion_planner.cpp.obj
                0x080028a4                MotionPlanner::PositionInterpolator::CalcSoftGoal(long)
 .text._ZN13MotionPlanner17TrajectoryTracker22SetSlowDownVelocityAccEl
                0x080028d4        0x4 CMakeFiles/Ctrl-Step-STM32-fw.elf.dir/Ctrl/Motor/motion_planner.cpp.obj
                0x080028d4                MotionPlanner::TrajectoryTracker::SetSlowDownVelocityAcc(long)
 .text._ZN13MotionPlanner17TrajectoryTracker7NewTaskEll
                0x080028d8       0x10 CMakeFiles/Ctrl-Step-STM32-fw.elf.dir/Ctrl/Motor/motion_planner.cpp.obj
                0x080028d8                MotionPlanner::TrajectoryTracker::NewTask(long, long)
 .text._ZN13MotionPlanner17TrajectoryTracker20CalcVelocityIntegralEl
                0x080028e8       0x28 CMakeFiles/Ctrl-Step-STM32-fw.elf.dir/Ctrl/Motor/motion_planner.cpp.obj
                0x080028e8                MotionPlanner::TrajectoryTracker::CalcVelocityIntegral(long)
 .text._ZN13MotionPlanner17TrajectoryTracker20CalcPositionIntegralEl
                0x08002910       0x28 CMakeFiles/Ctrl-Step-STM32-fw.elf.dir/Ctrl/Motor/motion_planner.cpp.obj
                0x08002910                MotionPlanner::TrajectoryTracker::CalcPositionIntegral(long)
 .text._ZN13MotionPlanner17TrajectoryTracker12CalcSoftGoalEll
                0x08002938       0xd4 CMakeFiles/Ctrl-Step-STM32-fw.elf.dir/Ctrl/Motor/motion_planner.cpp.obj
                0x08002938                MotionPlanner::TrajectoryTracker::CalcSoftGoal(long, long)
 .text._ZN13MotionPlanner17TrajectoryTracker4InitEl
                0x08002a0c       0x16 CMakeFiles/Ctrl-Step-STM32-fw.elf.dir/Ctrl/Motor/motion_planner.cpp.obj
                0x08002a0c                MotionPlanner::TrajectoryTracker::Init(long)
 .text._ZN13MotionPlanner12AttachConfigEPNS_8Config_tE
                0x08002a22       0x2a CMakeFiles/Ctrl-Step-STM32-fw.elf.dir/Ctrl/Motor/motion_planner.cpp.obj
                0x08002a22                MotionPlanner::AttachConfig(MotionPlanner::Config_t*)
 .text._ZN5Motor13AttachEncoderEP11EncoderBase
                0x08002a4c        0x6 CMakeFiles/Ctrl-Step-STM32-fw.elf.dir/Ctrl/Motor/motor.cpp.obj
                0x08002a4c                Motor::AttachEncoder(EncoderBase*)
 .text._ZN5Motor12AttachDriverEP10DriverBase
                0x08002a52        0x6 CMakeFiles/Ctrl-Step-STM32-fw.elf.dir/Ctrl/Motor/motor.cpp.obj
                0x08002a52                Motor::AttachDriver(DriverBase*)
 .text._ZN5Motor10Controller19CalcCurrentToOutputEl
                0x08002a58       0x3c CMakeFiles/Ctrl-Step-STM32-fw.elf.dir/Ctrl/Motor/motor.cpp.obj
                0x08002a58                Motor::Controller::CalcCurrentToOutput(long)
 .text._ZN5Motor10Controller15CalcPidToOutputEl
                0x08002a94       0xcc CMakeFiles/Ctrl-Step-STM32-fw.elf.dir/Ctrl/Motor/motor.cpp.obj
                0x08002a94                Motor::Controller::CalcPidToOutput(long)
 .text._ZN5Motor10Controller15CalcDceToOutputEll
                0x08002b60       0xf8 CMakeFiles/Ctrl-Step-STM32-fw.elf.dir/Ctrl/Motor/motor.cpp.obj
                0x08002b60                Motor::Controller::CalcDceToOutput(long, long)
 .text._ZN5Motor10Controller11SetCtrlModeENS_6Mode_tE
                0x08002c58        0x4 CMakeFiles/Ctrl-Step-STM32-fw.elf.dir/Ctrl/Motor/motor.cpp.obj
                0x08002c58                Motor::Controller::SetCtrlMode(Motor::Mode_t)
 .text._ZN5Motor10Controller19SetPositionSetPointEl
                0x08002c5c        0xa CMakeFiles/Ctrl-Step-STM32-fw.elf.dir/Ctrl/Motor/motor.cpp.obj
                0x08002c5c                Motor::Controller::SetPositionSetPoint(long)
 *fill*         0x08002c66        0x2 
 .text._ZN5Motor10Controller27SetPositionSetPointWithTimeElf
                0x08002c68       0xb4 CMakeFiles/Ctrl-Step-STM32-fw.elf.dir/Ctrl/Motor/motor.cpp.obj
                0x08002c68                Motor::Controller::SetPositionSetPointWithTime(long, float)
 .text._ZN5Motor10Controller19SetVelocitySetPointEl
                0x08002d1c       0x12 CMakeFiles/Ctrl-Step-STM32-fw.elf.dir/Ctrl/Motor/motor.cpp.obj
                0x08002d1c                Motor::Controller::SetVelocitySetPoint(long)
 .text._ZN5Motor10Controller11GetPositionEb
                0x08002d2e       0x40 CMakeFiles/Ctrl-Step-STM32-fw.elf.dir/Ctrl/Motor/motor.cpp.obj
                0x08002d2e                Motor::Controller::GetPosition(bool)
 .text._ZN5Motor10Controller11GetVelocityEv
                0x08002d6e       0x1e CMakeFiles/Ctrl-Step-STM32-fw.elf.dir/Ctrl/Motor/motor.cpp.obj
                0x08002d6e                Motor::Controller::GetVelocity()
 .text._ZN5Motor10Controller13GetFocCurrentEv
                0x08002d8c       0x14 CMakeFiles/Ctrl-Step-STM32-fw.elf.dir/Ctrl/Motor/motor.cpp.obj
                0x08002d8c                Motor::Controller::GetFocCurrent()
 .text._ZN5Motor10Controller18SetCurrentSetPointEl
                0x08002da0       0x1a CMakeFiles/Ctrl-Step-STM32-fw.elf.dir/Ctrl/Motor/motor.cpp.obj
                0x08002da0                Motor::Controller::SetCurrentSetPoint(long)
 .text._ZN5Motor10Controller14ClearStallFlagEv
                0x08002dba        0x8 CMakeFiles/Ctrl-Step-STM32-fw.elf.dir/Ctrl/Motor/motor.cpp.obj
                0x08002dba                Motor::Controller::ClearStallFlag()
 *fill*         0x08002dc2        0x2 
 .text._ZN5Motor10Controller23CompensateAdvancedAngleEl
                0x08002dc4       0xe4 CMakeFiles/Ctrl-Step-STM32-fw.elf.dir/Ctrl/Motor/motor.cpp.obj
                0x08002dc4                Motor::Controller::CompensateAdvancedAngle(long)
 .text._ZN5Motor10Controller4InitEv
                0x08002ea8       0xa0 CMakeFiles/Ctrl-Step-STM32-fw.elf.dir/Ctrl/Motor/motor.cpp.obj
                0x08002ea8                Motor::Controller::Init()
 .text._ZN5Motor10Controller20ApplyPosAsHomeOffsetEv
                0x08002f48       0x12 CMakeFiles/Ctrl-Step-STM32-fw.elf.dir/Ctrl/Motor/motor.cpp.obj
                0x08002f48                Motor::Controller::ApplyPosAsHomeOffset()
 .text._ZN5Motor10Controller12AttachConfigEPNS0_8Config_tE
                0x08002f5a        0x4 CMakeFiles/Ctrl-Step-STM32-fw.elf.dir/Ctrl/Motor/motor.cpp.obj
                0x08002f5a                Motor::Controller::AttachConfig(Motor::Controller::Config_t*)
 .text._ZNK5Motor10Controller13ClearIntegralEv
                0x08002f5e       0x1c CMakeFiles/Ctrl-Step-STM32-fw.elf.dir/Ctrl/Motor/motor.cpp.obj
                0x08002f5e                Motor::Controller::ClearIntegral() const
 *fill*         0x08002f7a        0x2 
 .text._ZN5Motor20CloseLoopControlTickEv
                0x08002f7c      0x57c CMakeFiles/Ctrl-Step-STM32-fw.elf.dir/Ctrl/Motor/motor.cpp.obj
                0x08002f7c                Motor::CloseLoopControlTick()
 .text._ZN5Motor9Tick20kHzEv
                0x080034f8       0x16 CMakeFiles/Ctrl-Step-STM32-fw.elf.dir/Ctrl/Motor/motor.cpp.obj
                0x080034f8                Motor::Tick20kHz()
 .text._ZN21EncoderCalibratorBase16CycleDataAverageEPKttl
                0x0800350e       0x50 CMakeFiles/Ctrl-Step-STM32-fw.elf.dir/Ctrl/Sensor/Encoder/encoder_calibrator_base.cpp.obj
                0x0800350e                EncoderCalibratorBase::CycleDataAverage(unsigned short const*, unsigned short, long)
 .text._ZN21EncoderCalibratorBase9Tick20kHzEv
                0x0800355e      0x1f6 CMakeFiles/Ctrl-Step-STM32-fw.elf.dir/Ctrl/Sensor/Encoder/encoder_calibrator_base.cpp.obj
                0x0800355e                EncoderCalibratorBase::Tick20kHz()
 .text._ZN21EncoderCalibratorBase8CycleModEmm
                0x08003754        0xc CMakeFiles/Ctrl-Step-STM32-fw.elf.dir/Ctrl/Sensor/Encoder/encoder_calibrator_base.cpp.obj
                0x08003754                EncoderCalibratorBase::CycleMod(unsigned long, unsigned long)
 .text._ZN21EncoderCalibratorBase13CycleSubtractElll
                0x08003760       0x16 CMakeFiles/Ctrl-Step-STM32-fw.elf.dir/Ctrl/Sensor/Encoder/encoder_calibrator_base.cpp.obj
                0x08003760                EncoderCalibratorBase::CycleSubtract(long, long, long)
 .text._ZN21EncoderCalibratorBase12CycleAverageElll
                0x08003776       0x20 CMakeFiles/Ctrl-Step-STM32-fw.elf.dir/Ctrl/Sensor/Encoder/encoder_calibrator_base.cpp.obj
                0x08003776                EncoderCalibratorBase::CycleAverage(long, long, long)
 *fill*         0x08003796        0x2 
 .text._ZN21EncoderCalibratorBase20CalibrationDataCheckEv
                0x08003798      0x1b8 CMakeFiles/Ctrl-Step-STM32-fw.elf.dir/Ctrl/Sensor/Encoder/encoder_calibrator_base.cpp.obj
                0x08003798                EncoderCalibratorBase::CalibrationDataCheck()
 .text._ZN21EncoderCalibratorBase12TickMainLoopEv
                0x08003950      0x292 CMakeFiles/Ctrl-Step-STM32-fw.elf.dir/Ctrl/Sensor/Encoder/encoder_calibrator_base.cpp.obj
                0x08003950                EncoderCalibratorBase::TickMainLoop()
 .text._ZN10MT6816Base7SpiInitEv
                0x08003be2        0x2 CMakeFiles/Ctrl-Step-STM32-fw.elf.dir/Ctrl/Sensor/Encoder/mt6816_base.cpp.obj
                0x08003be2                MT6816Base::SpiInit()
 .text._ZN10MT6816Base4InitEv
                0x08003be4       0x3a CMakeFiles/Ctrl-Step-STM32-fw.elf.dir/Ctrl/Sensor/Encoder/mt6816_base.cpp.obj
                0x08003be4                MT6816Base::Init()
 .text._ZN10MT6816Base11UpdateAngleEv
                0x08003c1e       0x96 CMakeFiles/Ctrl-Step-STM32-fw.elf.dir/Ctrl/Sensor/Encoder/mt6816_base.cpp.obj
                0x08003c1e                MT6816Base::UpdateAngle()
 .text._ZN10MT6816Base12IsCalibratedEv
                0x08003cb4        0x4 CMakeFiles/Ctrl-Step-STM32-fw.elf.dir/Ctrl/Sensor/Encoder/mt6816_base.cpp.obj
                0x08003cb4                MT6816Base::IsCalibrated()
 .text._ZN10MT6816Base24SpiTransmitAndRead16BitsEt
                0x08003cb8        0x2 CMakeFiles/Ctrl-Step-STM32-fw.elf.dir/Ctrl/Sensor/Encoder/mt6816_base.cpp.obj
                0x08003cb8                MT6816Base::SpiTransmitAndRead16Bits(unsigned short)
 .text._ZN10ButtonBase4TickEm
                0x08003cba       0x4c CMakeFiles/Ctrl-Step-STM32-fw.elf.dir/Ctrl/Signal/button_base.cpp.obj
                0x08003cba                ButtonBase::Tick(unsigned long)
 .text._ZN10ButtonBase18SetOnEventListenerEPFvNS_5EventEE
                0x08003d06       0x14 CMakeFiles/Ctrl-Step-STM32-fw.elf.dir/Ctrl/Signal/button_base.cpp.obj
                0x08003d06                ButtonBase::SetOnEventListener(void (*)(ButtonBase::Event))
 .text._ZN7LedBase6StatusEhb
                0x08003d1a        0xa CMakeFiles/Ctrl-Step-STM32-fw.elf.dir/Ctrl/Signal/led_base.cpp.obj
                0x08003d1a                LedBase::Status(unsigned char, bool)
 .text._ZN7LedBase4TickEmN5Motor7State_tE
                0x08003d24      0x1bc CMakeFiles/Ctrl-Step-STM32-fw.elf.dir/Ctrl/Signal/led_base.cpp.obj
                0x08003d24                LedBase::Tick(unsigned long, Motor::State_t)
 .text.HAL_InitTick
                0x08003ee0       0x4c CMakeFiles/Ctrl-Step-STM32-fw.elf.dir/Drivers/STM32F1xx_HAL_Driver/Src/stm32f1xx_hal.c.obj
                0x08003ee0                HAL_InitTick
 .text.HAL_Init
                0x08003f2c       0x24 CMakeFiles/Ctrl-Step-STM32-fw.elf.dir/Drivers/STM32F1xx_HAL_Driver/Src/stm32f1xx_hal.c.obj
                0x08003f2c                HAL_Init
 .text.HAL_IncTick
                0x08003f50       0x18 CMakeFiles/Ctrl-Step-STM32-fw.elf.dir/Drivers/STM32F1xx_HAL_Driver/Src/stm32f1xx_hal.c.obj
                0x08003f50                HAL_IncTick
 .text.HAL_GetTick
                0x08003f68        0xc CMakeFiles/Ctrl-Step-STM32-fw.elf.dir/Drivers/STM32F1xx_HAL_Driver/Src/stm32f1xx_hal.c.obj
                0x08003f68                HAL_GetTick
 .text.HAL_Delay
                0x08003f74       0x28 CMakeFiles/Ctrl-Step-STM32-fw.elf.dir/Drivers/STM32F1xx_HAL_Driver/Src/stm32f1xx_hal.c.obj
                0x08003f74                HAL_Delay
 .text.HAL_ADC_ConvCpltCallback
                0x08003f9c        0x2 CMakeFiles/Ctrl-Step-STM32-fw.elf.dir/Drivers/STM32F1xx_HAL_Driver/Src/stm32f1xx_hal_adc.c.obj
                0x08003f9c                HAL_ADC_ConvCpltCallback
 .text.ADC_DMAConvCplt
                0x08003f9e       0x52 CMakeFiles/Ctrl-Step-STM32-fw.elf.dir/Drivers/STM32F1xx_HAL_Driver/Src/stm32f1xx_hal_adc.c.obj
                0x08003f9e                ADC_DMAConvCplt
 .text.HAL_ADC_ConvHalfCpltCallback
                0x08003ff0        0x2 CMakeFiles/Ctrl-Step-STM32-fw.elf.dir/Drivers/STM32F1xx_HAL_Driver/Src/stm32f1xx_hal_adc.c.obj
                0x08003ff0                HAL_ADC_ConvHalfCpltCallback
 .text.ADC_DMAHalfConvCplt
                0x08003ff2        0xa CMakeFiles/Ctrl-Step-STM32-fw.elf.dir/Drivers/STM32F1xx_HAL_Driver/Src/stm32f1xx_hal_adc.c.obj
                0x08003ff2                ADC_DMAHalfConvCplt
 .text.HAL_ADC_ErrorCallback
                0x08003ffc        0x2 CMakeFiles/Ctrl-Step-STM32-fw.elf.dir/Drivers/STM32F1xx_HAL_Driver/Src/stm32f1xx_hal_adc.c.obj
                0x08003ffc                HAL_ADC_ErrorCallback
 .text.ADC_DMAError
                0x08003ffe       0x1a CMakeFiles/Ctrl-Step-STM32-fw.elf.dir/Drivers/STM32F1xx_HAL_Driver/Src/stm32f1xx_hal_adc.c.obj
                0x08003ffe                ADC_DMAError
 .text.HAL_ADC_ConfigChannel
                0x08004018      0x174 CMakeFiles/Ctrl-Step-STM32-fw.elf.dir/Drivers/STM32F1xx_HAL_Driver/Src/stm32f1xx_hal_adc.c.obj
                0x08004018                HAL_ADC_ConfigChannel
 .text.ADC_Enable
                0x0800418c       0x88 CMakeFiles/Ctrl-Step-STM32-fw.elf.dir/Drivers/STM32F1xx_HAL_Driver/Src/stm32f1xx_hal_adc.c.obj
                0x0800418c                ADC_Enable
 .text.HAL_ADC_Start_DMA
                0x08004214      0x134 CMakeFiles/Ctrl-Step-STM32-fw.elf.dir/Drivers/STM32F1xx_HAL_Driver/Src/stm32f1xx_hal_adc.c.obj
                0x08004214                HAL_ADC_Start_DMA
 .text.ADC_ConversionStop_Disable
                0x08004348       0x56 CMakeFiles/Ctrl-Step-STM32-fw.elf.dir/Drivers/STM32F1xx_HAL_Driver/Src/stm32f1xx_hal_adc.c.obj
                0x08004348                ADC_ConversionStop_Disable
 *fill*         0x0800439e        0x2 
 .text.HAL_ADC_Init
                0x080043a0      0x128 CMakeFiles/Ctrl-Step-STM32-fw.elf.dir/Drivers/STM32F1xx_HAL_Driver/Src/stm32f1xx_hal_adc.c.obj
                0x080043a0                HAL_ADC_Init
 .text.HAL_ADCEx_Calibration_Start
                0x080044c8      0x104 CMakeFiles/Ctrl-Step-STM32-fw.elf.dir/Drivers/STM32F1xx_HAL_Driver/Src/stm32f1xx_hal_adc_ex.c.obj
                0x080044c8                HAL_ADCEx_Calibration_Start
 .text.HAL_CAN_Init
                0x080045cc      0x14c CMakeFiles/Ctrl-Step-STM32-fw.elf.dir/Drivers/STM32F1xx_HAL_Driver/Src/stm32f1xx_hal_can.c.obj
                0x080045cc                HAL_CAN_Init
 .text.HAL_CAN_ConfigFilter
                0x08004718      0x110 CMakeFiles/Ctrl-Step-STM32-fw.elf.dir/Drivers/STM32F1xx_HAL_Driver/Src/stm32f1xx_hal_can.c.obj
                0x08004718                HAL_CAN_ConfigFilter
 .text.HAL_CAN_Start
                0x08004828       0x5c CMakeFiles/Ctrl-Step-STM32-fw.elf.dir/Drivers/STM32F1xx_HAL_Driver/Src/stm32f1xx_hal_can.c.obj
                0x08004828                HAL_CAN_Start
 .text.HAL_CAN_AddTxMessage
                0x08004884      0x118 CMakeFiles/Ctrl-Step-STM32-fw.elf.dir/Drivers/STM32F1xx_HAL_Driver/Src/stm32f1xx_hal_can.c.obj
                0x08004884                HAL_CAN_AddTxMessage
 .text.HAL_CAN_GetRxMessage
                0x0800499c      0x186 CMakeFiles/Ctrl-Step-STM32-fw.elf.dir/Drivers/STM32F1xx_HAL_Driver/Src/stm32f1xx_hal_can.c.obj
                0x0800499c                HAL_CAN_GetRxMessage
 .text.HAL_CAN_ActivateNotification
                0x08004b22       0x24 CMakeFiles/Ctrl-Step-STM32-fw.elf.dir/Drivers/STM32F1xx_HAL_Driver/Src/stm32f1xx_hal_can.c.obj
                0x08004b22                HAL_CAN_ActivateNotification
 .text.HAL_CAN_TxMailbox0CompleteCallback
                0x08004b46        0x2 CMakeFiles/Ctrl-Step-STM32-fw.elf.dir/Drivers/STM32F1xx_HAL_Driver/Src/stm32f1xx_hal_can.c.obj
                0x08004b46                HAL_CAN_TxMailbox0CompleteCallback
 .text.HAL_CAN_TxMailbox1CompleteCallback
                0x08004b48        0x2 CMakeFiles/Ctrl-Step-STM32-fw.elf.dir/Drivers/STM32F1xx_HAL_Driver/Src/stm32f1xx_hal_can.c.obj
                0x08004b48                HAL_CAN_TxMailbox1CompleteCallback
 .text.HAL_CAN_TxMailbox2CompleteCallback
                0x08004b4a        0x2 CMakeFiles/Ctrl-Step-STM32-fw.elf.dir/Drivers/STM32F1xx_HAL_Driver/Src/stm32f1xx_hal_can.c.obj
                0x08004b4a                HAL_CAN_TxMailbox2CompleteCallback
 .text.HAL_CAN_TxMailbox0AbortCallback
                0x08004b4c        0x2 CMakeFiles/Ctrl-Step-STM32-fw.elf.dir/Drivers/STM32F1xx_HAL_Driver/Src/stm32f1xx_hal_can.c.obj
                0x08004b4c                HAL_CAN_TxMailbox0AbortCallback
 .text.HAL_CAN_TxMailbox1AbortCallback
                0x08004b4e        0x2 CMakeFiles/Ctrl-Step-STM32-fw.elf.dir/Drivers/STM32F1xx_HAL_Driver/Src/stm32f1xx_hal_can.c.obj
                0x08004b4e                HAL_CAN_TxMailbox1AbortCallback
 .text.HAL_CAN_TxMailbox2AbortCallback
                0x08004b50        0x2 CMakeFiles/Ctrl-Step-STM32-fw.elf.dir/Drivers/STM32F1xx_HAL_Driver/Src/stm32f1xx_hal_can.c.obj
                0x08004b50                HAL_CAN_TxMailbox2AbortCallback
 .text.HAL_CAN_RxFifo0FullCallback
                0x08004b52        0x2 CMakeFiles/Ctrl-Step-STM32-fw.elf.dir/Drivers/STM32F1xx_HAL_Driver/Src/stm32f1xx_hal_can.c.obj
                0x08004b52                HAL_CAN_RxFifo0FullCallback
 .text.HAL_CAN_RxFifo1MsgPendingCallback
                0x08004b54        0x2 CMakeFiles/Ctrl-Step-STM32-fw.elf.dir/Drivers/STM32F1xx_HAL_Driver/Src/stm32f1xx_hal_can.c.obj
                0x08004b54                HAL_CAN_RxFifo1MsgPendingCallback
 .text.HAL_CAN_RxFifo1FullCallback
                0x08004b56        0x2 CMakeFiles/Ctrl-Step-STM32-fw.elf.dir/Drivers/STM32F1xx_HAL_Driver/Src/stm32f1xx_hal_can.c.obj
                0x08004b56                HAL_CAN_RxFifo1FullCallback
 .text.HAL_CAN_SleepCallback
                0x08004b58        0x2 CMakeFiles/Ctrl-Step-STM32-fw.elf.dir/Drivers/STM32F1xx_HAL_Driver/Src/stm32f1xx_hal_can.c.obj
                0x08004b58                HAL_CAN_SleepCallback
 .text.HAL_CAN_WakeUpFromRxMsgCallback
                0x08004b5a        0x2 CMakeFiles/Ctrl-Step-STM32-fw.elf.dir/Drivers/STM32F1xx_HAL_Driver/Src/stm32f1xx_hal_can.c.obj
                0x08004b5a                HAL_CAN_WakeUpFromRxMsgCallback
 .text.HAL_CAN_ErrorCallback
                0x08004b5c        0x2 CMakeFiles/Ctrl-Step-STM32-fw.elf.dir/Drivers/STM32F1xx_HAL_Driver/Src/stm32f1xx_hal_can.c.obj
                0x08004b5c                HAL_CAN_ErrorCallback
 .text.HAL_CAN_IRQHandler
                0x08004b5e      0x244 CMakeFiles/Ctrl-Step-STM32-fw.elf.dir/Drivers/STM32F1xx_HAL_Driver/Src/stm32f1xx_hal_can.c.obj
                0x08004b5e                HAL_CAN_IRQHandler
 *fill*         0x08004da2        0x2 
 .text.__NVIC_SetPriority
                0x08004da4       0x28 CMakeFiles/Ctrl-Step-STM32-fw.elf.dir/Drivers/STM32F1xx_HAL_Driver/Src/stm32f1xx_hal_cortex.c.obj
 .text.NVIC_EncodePriority
                0x08004dcc       0x46 CMakeFiles/Ctrl-Step-STM32-fw.elf.dir/Drivers/STM32F1xx_HAL_Driver/Src/stm32f1xx_hal_cortex.c.obj
 *fill*         0x08004e12        0x2 
 .text.__NVIC_SystemReset
                0x08004e14       0x24 CMakeFiles/Ctrl-Step-STM32-fw.elf.dir/Drivers/STM32F1xx_HAL_Driver/Src/stm32f1xx_hal_cortex.c.obj
 .text.HAL_NVIC_SetPriorityGrouping
                0x08004e38       0x24 CMakeFiles/Ctrl-Step-STM32-fw.elf.dir/Drivers/STM32F1xx_HAL_Driver/Src/stm32f1xx_hal_cortex.c.obj
                0x08004e38                HAL_NVIC_SetPriorityGrouping
 .text.HAL_NVIC_SetPriority
                0x08004e5c       0x20 CMakeFiles/Ctrl-Step-STM32-fw.elf.dir/Drivers/STM32F1xx_HAL_Driver/Src/stm32f1xx_hal_cortex.c.obj
                0x08004e5c                HAL_NVIC_SetPriority
 .text.HAL_NVIC_EnableIRQ
                0x08004e7c       0x1c CMakeFiles/Ctrl-Step-STM32-fw.elf.dir/Drivers/STM32F1xx_HAL_Driver/Src/stm32f1xx_hal_cortex.c.obj
                0x08004e7c                HAL_NVIC_EnableIRQ
 .text.HAL_NVIC_SystemReset
                0x08004e98        0x6 CMakeFiles/Ctrl-Step-STM32-fw.elf.dir/Drivers/STM32F1xx_HAL_Driver/Src/stm32f1xx_hal_cortex.c.obj
                0x08004e98                HAL_NVIC_SystemReset
 *fill*         0x08004e9e        0x2 
 .text.HAL_SYSTICK_Config
                0x08004ea0       0x28 CMakeFiles/Ctrl-Step-STM32-fw.elf.dir/Drivers/STM32F1xx_HAL_Driver/Src/stm32f1xx_hal_cortex.c.obj
                0x08004ea0                HAL_SYSTICK_Config
 .text.DMA_SetConfig
                0x08004ec8       0x38 CMakeFiles/Ctrl-Step-STM32-fw.elf.dir/Drivers/STM32F1xx_HAL_Driver/Src/stm32f1xx_hal_dma.c.obj
 .text.HAL_DMA_Init
                0x08004f00       0x68 CMakeFiles/Ctrl-Step-STM32-fw.elf.dir/Drivers/STM32F1xx_HAL_Driver/Src/stm32f1xx_hal_dma.c.obj
                0x08004f00                HAL_DMA_Init
 .text.HAL_DMA_Start_IT
                0x08004f68       0x7a CMakeFiles/Ctrl-Step-STM32-fw.elf.dir/Drivers/STM32F1xx_HAL_Driver/Src/stm32f1xx_hal_dma.c.obj
                0x08004f68                HAL_DMA_Start_IT
 .text.HAL_DMA_Abort
                0x08004fe2       0x44 CMakeFiles/Ctrl-Step-STM32-fw.elf.dir/Drivers/STM32F1xx_HAL_Driver/Src/stm32f1xx_hal_dma.c.obj
                0x08004fe2                HAL_DMA_Abort
 *fill*         0x08005026        0x2 
 .text.HAL_DMA_Abort_IT
                0x08005028       0x98 CMakeFiles/Ctrl-Step-STM32-fw.elf.dir/Drivers/STM32F1xx_HAL_Driver/Src/stm32f1xx_hal_dma.c.obj
                0x08005028                HAL_DMA_Abort_IT
 .text.HAL_DMA_IRQHandler
                0x080050c0      0x158 CMakeFiles/Ctrl-Step-STM32-fw.elf.dir/Drivers/STM32F1xx_HAL_Driver/Src/stm32f1xx_hal_dma.c.obj
                0x080050c0                HAL_DMA_IRQHandler
 .text.FLASH_Program_HalfWord
                0x08005218       0x1c CMakeFiles/Ctrl-Step-STM32-fw.elf.dir/Drivers/STM32F1xx_HAL_Driver/Src/stm32f1xx_hal_flash.c.obj
 .text.FLASH_SetErrorCode
                0x08005234       0x6c CMakeFiles/Ctrl-Step-STM32-fw.elf.dir/Drivers/STM32F1xx_HAL_Driver/Src/stm32f1xx_hal_flash.c.obj
 .text.HAL_FLASH_Unlock
                0x080052a0       0x34 CMakeFiles/Ctrl-Step-STM32-fw.elf.dir/Drivers/STM32F1xx_HAL_Driver/Src/stm32f1xx_hal_flash.c.obj
                0x080052a0                HAL_FLASH_Unlock
 .text.HAL_FLASH_Lock
                0x080052d4       0x14 CMakeFiles/Ctrl-Step-STM32-fw.elf.dir/Drivers/STM32F1xx_HAL_Driver/Src/stm32f1xx_hal_flash.c.obj
                0x080052d4                HAL_FLASH_Lock
 .text.FLASH_WaitForLastOperation
                0x080052e8       0x68 CMakeFiles/Ctrl-Step-STM32-fw.elf.dir/Drivers/STM32F1xx_HAL_Driver/Src/stm32f1xx_hal_flash.c.obj
                0x080052e8                FLASH_WaitForLastOperation
 .text.HAL_FLASH_Program
                0x08005350       0xa0 CMakeFiles/Ctrl-Step-STM32-fw.elf.dir/Drivers/STM32F1xx_HAL_Driver/Src/stm32f1xx_hal_flash.c.obj
                0x08005350                HAL_FLASH_Program
 .text.FLASH_MassErase
                0x080053f0       0x24 CMakeFiles/Ctrl-Step-STM32-fw.elf.dir/Drivers/STM32F1xx_HAL_Driver/Src/stm32f1xx_hal_flash_ex.c.obj
 .text.FLASH_PageErase
                0x08005414       0x24 CMakeFiles/Ctrl-Step-STM32-fw.elf.dir/Drivers/STM32F1xx_HAL_Driver/Src/stm32f1xx_hal_flash_ex.c.obj
                0x08005414                FLASH_PageErase
 .text.HAL_FLASHEx_Erase
                0x08005438       0xa4 CMakeFiles/Ctrl-Step-STM32-fw.elf.dir/Drivers/STM32F1xx_HAL_Driver/Src/stm32f1xx_hal_flash_ex.c.obj
                0x08005438                HAL_FLASHEx_Erase
 .text.HAL_GPIO_Init
                0x080054dc      0x1e4 CMakeFiles/Ctrl-Step-STM32-fw.elf.dir/Drivers/STM32F1xx_HAL_Driver/Src/stm32f1xx_hal_gpio.c.obj
                0x080054dc                HAL_GPIO_Init
 .text.HAL_GPIO_ReadPin
                0x080056c0        0xe CMakeFiles/Ctrl-Step-STM32-fw.elf.dir/Drivers/STM32F1xx_HAL_Driver/Src/stm32f1xx_hal_gpio.c.obj
                0x080056c0                HAL_GPIO_ReadPin
 .text.HAL_GPIO_WritePin
                0x080056ce        0xc CMakeFiles/Ctrl-Step-STM32-fw.elf.dir/Drivers/STM32F1xx_HAL_Driver/Src/stm32f1xx_hal_gpio.c.obj
                0x080056ce                HAL_GPIO_WritePin
 *fill*         0x080056da        0x2 
 .text.RCC_Delay
                0x080056dc       0x2c CMakeFiles/Ctrl-Step-STM32-fw.elf.dir/Drivers/STM32F1xx_HAL_Driver/Src/stm32f1xx_hal_rcc.c.obj
 .text.HAL_RCC_OscConfig
                0x08005708      0x414 CMakeFiles/Ctrl-Step-STM32-fw.elf.dir/Drivers/STM32F1xx_HAL_Driver/Src/stm32f1xx_hal_rcc.c.obj
                0x08005708                HAL_RCC_OscConfig
 .text.HAL_RCC_GetSysClockFreq
                0x08005b1c       0x7c CMakeFiles/Ctrl-Step-STM32-fw.elf.dir/Drivers/STM32F1xx_HAL_Driver/Src/stm32f1xx_hal_rcc.c.obj
                0x08005b1c                HAL_RCC_GetSysClockFreq
 .text.HAL_RCC_ClockConfig
                0x08005b98      0x16c CMakeFiles/Ctrl-Step-STM32-fw.elf.dir/Drivers/STM32F1xx_HAL_Driver/Src/stm32f1xx_hal_rcc.c.obj
                0x08005b98                HAL_RCC_ClockConfig
 .text.HAL_RCC_GetHCLKFreq
                0x08005d04        0xc CMakeFiles/Ctrl-Step-STM32-fw.elf.dir/Drivers/STM32F1xx_HAL_Driver/Src/stm32f1xx_hal_rcc.c.obj
                0x08005d04                HAL_RCC_GetHCLKFreq
 .text.HAL_RCC_GetPCLK1Freq
                0x08005d10       0x20 CMakeFiles/Ctrl-Step-STM32-fw.elf.dir/Drivers/STM32F1xx_HAL_Driver/Src/stm32f1xx_hal_rcc.c.obj
                0x08005d10                HAL_RCC_GetPCLK1Freq
 .text.HAL_RCC_GetPCLK2Freq
                0x08005d30       0x20 CMakeFiles/Ctrl-Step-STM32-fw.elf.dir/Drivers/STM32F1xx_HAL_Driver/Src/stm32f1xx_hal_rcc.c.obj
                0x08005d30                HAL_RCC_GetPCLK2Freq
 .text.HAL_RCCEx_PeriphCLKConfig
                0x08005d50      0x120 CMakeFiles/Ctrl-Step-STM32-fw.elf.dir/Drivers/STM32F1xx_HAL_Driver/Src/stm32f1xx_hal_rcc_ex.c.obj
                0x08005d50                HAL_RCCEx_PeriphCLKConfig
 .text.HAL_RCCEx_GetPeriphCLKFreq
                0x08005e70      0x100 CMakeFiles/Ctrl-Step-STM32-fw.elf.dir/Drivers/STM32F1xx_HAL_Driver/Src/stm32f1xx_hal_rcc_ex.c.obj
                0x08005e70                HAL_RCCEx_GetPeriphCLKFreq
 .text.SPI_WaitFlagStateUntilTimeout
                0x08005f70       0xc8 CMakeFiles/Ctrl-Step-STM32-fw.elf.dir/Drivers/STM32F1xx_HAL_Driver/Src/stm32f1xx_hal_spi.c.obj
 .text.SPI_EndRxTxTransaction
                0x08006038       0x24 CMakeFiles/Ctrl-Step-STM32-fw.elf.dir/Drivers/STM32F1xx_HAL_Driver/Src/stm32f1xx_hal_spi.c.obj
 .text.HAL_SPI_Init
                0x0800605c       0xb6 CMakeFiles/Ctrl-Step-STM32-fw.elf.dir/Drivers/STM32F1xx_HAL_Driver/Src/stm32f1xx_hal_spi.c.obj
                0x0800605c                HAL_SPI_Init
 .text.HAL_SPI_TransmitReceive
                0x08006112      0x248 CMakeFiles/Ctrl-Step-STM32-fw.elf.dir/Drivers/STM32F1xx_HAL_Driver/Src/stm32f1xx_hal_spi.c.obj
                0x08006112                HAL_SPI_TransmitReceive
 *fill*         0x0800635a        0x2 
 .text.TIM_OC1_SetConfig
                0x0800635c       0x68 CMakeFiles/Ctrl-Step-STM32-fw.elf.dir/Drivers/STM32F1xx_HAL_Driver/Src/stm32f1xx_hal_tim.c.obj
 .text.TIM_OC3_SetConfig
                0x080063c4       0x6c CMakeFiles/Ctrl-Step-STM32-fw.elf.dir/Drivers/STM32F1xx_HAL_Driver/Src/stm32f1xx_hal_tim.c.obj
 .text.TIM_OC4_SetConfig
                0x08006430       0x54 CMakeFiles/Ctrl-Step-STM32-fw.elf.dir/Drivers/STM32F1xx_HAL_Driver/Src/stm32f1xx_hal_tim.c.obj
 .text.TIM_TI1_ConfigInputStage
                0x08006484       0x26 CMakeFiles/Ctrl-Step-STM32-fw.elf.dir/Drivers/STM32F1xx_HAL_Driver/Src/stm32f1xx_hal_tim.c.obj
 .text.TIM_TI2_SetConfig
                0x080064aa       0x3e CMakeFiles/Ctrl-Step-STM32-fw.elf.dir/Drivers/STM32F1xx_HAL_Driver/Src/stm32f1xx_hal_tim.c.obj
 .text.TIM_TI2_ConfigInputStage
                0x080064e8       0x24 CMakeFiles/Ctrl-Step-STM32-fw.elf.dir/Drivers/STM32F1xx_HAL_Driver/Src/stm32f1xx_hal_tim.c.obj
 .text.TIM_TI3_SetConfig
                0x0800650c       0x3e CMakeFiles/Ctrl-Step-STM32-fw.elf.dir/Drivers/STM32F1xx_HAL_Driver/Src/stm32f1xx_hal_tim.c.obj
 .text.TIM_TI4_SetConfig
                0x0800654a       0x3e CMakeFiles/Ctrl-Step-STM32-fw.elf.dir/Drivers/STM32F1xx_HAL_Driver/Src/stm32f1xx_hal_tim.c.obj
 .text.TIM_ITRx_SetConfig
                0x08006588       0x10 CMakeFiles/Ctrl-Step-STM32-fw.elf.dir/Drivers/STM32F1xx_HAL_Driver/Src/stm32f1xx_hal_tim.c.obj
 .text.HAL_TIM_Base_Start_IT
                0x08006598       0x64 CMakeFiles/Ctrl-Step-STM32-fw.elf.dir/Drivers/STM32F1xx_HAL_Driver/Src/stm32f1xx_hal_tim.c.obj
                0x08006598                HAL_TIM_Base_Start_IT
 .text.HAL_TIM_IC_MspInit
                0x080065fc        0x2 CMakeFiles/Ctrl-Step-STM32-fw.elf.dir/Drivers/STM32F1xx_HAL_Driver/Src/stm32f1xx_hal_tim.c.obj
                0x080065fc                HAL_TIM_IC_MspInit
 *fill*         0x080065fe        0x2 
 .text.TIM_Base_SetConfig
                0x08006600       0x74 CMakeFiles/Ctrl-Step-STM32-fw.elf.dir/Drivers/STM32F1xx_HAL_Driver/Src/stm32f1xx_hal_tim.c.obj
                0x08006600                TIM_Base_SetConfig
 .text.HAL_TIM_Base_Init
                0x08006674       0x58 CMakeFiles/Ctrl-Step-STM32-fw.elf.dir/Drivers/STM32F1xx_HAL_Driver/Src/stm32f1xx_hal_tim.c.obj
                0x08006674                HAL_TIM_Base_Init
 .text.HAL_TIM_PWM_Init
                0x080066cc       0x58 CMakeFiles/Ctrl-Step-STM32-fw.elf.dir/Drivers/STM32F1xx_HAL_Driver/Src/stm32f1xx_hal_tim.c.obj
                0x080066cc                HAL_TIM_PWM_Init
 .text.HAL_TIM_IC_Init
                0x08006724       0x58 CMakeFiles/Ctrl-Step-STM32-fw.elf.dir/Drivers/STM32F1xx_HAL_Driver/Src/stm32f1xx_hal_tim.c.obj
                0x08006724                HAL_TIM_IC_Init
 .text.TIM_OC2_SetConfig
                0x0800677c       0x74 CMakeFiles/Ctrl-Step-STM32-fw.elf.dir/Drivers/STM32F1xx_HAL_Driver/Src/stm32f1xx_hal_tim.c.obj
                0x0800677c                TIM_OC2_SetConfig
 .text.HAL_TIM_PWM_ConfigChannel
                0x080067f0       0xd2 CMakeFiles/Ctrl-Step-STM32-fw.elf.dir/Drivers/STM32F1xx_HAL_Driver/Src/stm32f1xx_hal_tim.c.obj
                0x080067f0                HAL_TIM_PWM_ConfigChannel
 *fill*         0x080068c2        0x2 
 .text.TIM_TI1_SetConfig
                0x080068c4       0x5c CMakeFiles/Ctrl-Step-STM32-fw.elf.dir/Drivers/STM32F1xx_HAL_Driver/Src/stm32f1xx_hal_tim.c.obj
                0x080068c4                TIM_TI1_SetConfig
 .text.HAL_TIM_IC_ConfigChannel
                0x08006920       0xb4 CMakeFiles/Ctrl-Step-STM32-fw.elf.dir/Drivers/STM32F1xx_HAL_Driver/Src/stm32f1xx_hal_tim.c.obj
                0x08006920                HAL_TIM_IC_ConfigChannel
 .text.TIM_ETR_SetConfig
                0x080069d4       0x16 CMakeFiles/Ctrl-Step-STM32-fw.elf.dir/Drivers/STM32F1xx_HAL_Driver/Src/stm32f1xx_hal_tim.c.obj
                0x080069d4                TIM_ETR_SetConfig
 .text.HAL_TIM_ConfigClockSource
                0x080069ea       0xda CMakeFiles/Ctrl-Step-STM32-fw.elf.dir/Drivers/STM32F1xx_HAL_Driver/Src/stm32f1xx_hal_tim.c.obj
                0x080069ea                HAL_TIM_ConfigClockSource
 .text.TIM_SlaveTimer_SetConfig
                0x08006ac4       0x98 CMakeFiles/Ctrl-Step-STM32-fw.elf.dir/Drivers/STM32F1xx_HAL_Driver/Src/stm32f1xx_hal_tim.c.obj
 .text.HAL_TIM_SlaveConfigSynchro
                0x08006b5c       0x52 CMakeFiles/Ctrl-Step-STM32-fw.elf.dir/Drivers/STM32F1xx_HAL_Driver/Src/stm32f1xx_hal_tim.c.obj
                0x08006b5c                HAL_TIM_SlaveConfigSynchro
 .text.TIM_CCxChannelCmd
                0x08006bae       0x1e CMakeFiles/Ctrl-Step-STM32-fw.elf.dir/Drivers/STM32F1xx_HAL_Driver/Src/stm32f1xx_hal_tim.c.obj
                0x08006bae                TIM_CCxChannelCmd
 .text.HAL_TIM_PWM_Start
                0x08006bcc       0xd4 CMakeFiles/Ctrl-Step-STM32-fw.elf.dir/Drivers/STM32F1xx_HAL_Driver/Src/stm32f1xx_hal_tim.c.obj
                0x08006bcc                HAL_TIM_PWM_Start
 .text.HAL_TIMEx_MasterConfigSynchronization
                0x08006ca0       0x6c CMakeFiles/Ctrl-Step-STM32-fw.elf.dir/Drivers/STM32F1xx_HAL_Driver/Src/stm32f1xx_hal_tim_ex.c.obj
                0x08006ca0                HAL_TIMEx_MasterConfigSynchronization
 .text.UART_EndTxTransfer
                0x08006d0c       0x12 CMakeFiles/Ctrl-Step-STM32-fw.elf.dir/Drivers/STM32F1xx_HAL_Driver/Src/stm32f1xx_hal_uart.c.obj
 .text.UART_EndRxTransfer
                0x08006d1e       0x32 CMakeFiles/Ctrl-Step-STM32-fw.elf.dir/Drivers/STM32F1xx_HAL_Driver/Src/stm32f1xx_hal_uart.c.obj
 .text.UART_Transmit_IT
                0x08006d50       0x5e CMakeFiles/Ctrl-Step-STM32-fw.elf.dir/Drivers/STM32F1xx_HAL_Driver/Src/stm32f1xx_hal_uart.c.obj
 *fill*         0x08006dae        0x2 
 .text.UART_SetConfig
                0x08006db0       0x94 CMakeFiles/Ctrl-Step-STM32-fw.elf.dir/Drivers/STM32F1xx_HAL_Driver/Src/stm32f1xx_hal_uart.c.obj
 .text.UART_WaitOnFlagUntilTimeout
                0x08006e44       0x66 CMakeFiles/Ctrl-Step-STM32-fw.elf.dir/Drivers/STM32F1xx_HAL_Driver/Src/stm32f1xx_hal_uart.c.obj
 .text.HAL_UART_Init
                0x08006eaa       0x5e CMakeFiles/Ctrl-Step-STM32-fw.elf.dir/Drivers/STM32F1xx_HAL_Driver/Src/stm32f1xx_hal_uart.c.obj
                0x08006eaa                HAL_UART_Init
 .text.HAL_UART_Transmit
                0x08006f08       0xd8 CMakeFiles/Ctrl-Step-STM32-fw.elf.dir/Drivers/STM32F1xx_HAL_Driver/Src/stm32f1xx_hal_uart.c.obj
                0x08006f08                HAL_UART_Transmit
 .text.HAL_UART_Receive
                0x08006fe0       0xe4 CMakeFiles/Ctrl-Step-STM32-fw.elf.dir/Drivers/STM32F1xx_HAL_Driver/Src/stm32f1xx_hal_uart.c.obj
                0x08006fe0                HAL_UART_Receive
 .text.HAL_UART_DMAStop
                0x080070c4       0x60 CMakeFiles/Ctrl-Step-STM32-fw.elf.dir/Drivers/STM32F1xx_HAL_Driver/Src/stm32f1xx_hal_uart.c.obj
                0x080070c4                HAL_UART_DMAStop
 .text.HAL_UART_TxCpltCallback
                0x08007124        0x2 CMakeFiles/Ctrl-Step-STM32-fw.elf.dir/Drivers/STM32F1xx_HAL_Driver/Src/stm32f1xx_hal_uart.c.obj
                0x08007124                HAL_UART_TxCpltCallback
 .text.UART_EndTransmit_IT
                0x08007126       0x1a CMakeFiles/Ctrl-Step-STM32-fw.elf.dir/Drivers/STM32F1xx_HAL_Driver/Src/stm32f1xx_hal_uart.c.obj
 .text.HAL_UART_RxCpltCallback
                0x08007140        0x2 CMakeFiles/Ctrl-Step-STM32-fw.elf.dir/Drivers/STM32F1xx_HAL_Driver/Src/stm32f1xx_hal_uart.c.obj
                0x08007140                HAL_UART_RxCpltCallback
 .text.HAL_UART_RxHalfCpltCallback
                0x08007142        0x2 CMakeFiles/Ctrl-Step-STM32-fw.elf.dir/Drivers/STM32F1xx_HAL_Driver/Src/stm32f1xx_hal_uart.c.obj
                0x08007142                HAL_UART_RxHalfCpltCallback
 .text.HAL_UART_ErrorCallback
                0x08007144        0x2 CMakeFiles/Ctrl-Step-STM32-fw.elf.dir/Drivers/STM32F1xx_HAL_Driver/Src/stm32f1xx_hal_uart.c.obj
                0x08007144                HAL_UART_ErrorCallback
 .text.UART_DMAError
                0x08007146       0x54 CMakeFiles/Ctrl-Step-STM32-fw.elf.dir/Drivers/STM32F1xx_HAL_Driver/Src/stm32f1xx_hal_uart.c.obj
 .text.UART_DMAAbortOnError
                0x0800719a       0x10 CMakeFiles/Ctrl-Step-STM32-fw.elf.dir/Drivers/STM32F1xx_HAL_Driver/Src/stm32f1xx_hal_uart.c.obj
 .text.HAL_UARTEx_RxEventCallback
                0x080071aa        0x2 CMakeFiles/Ctrl-Step-STM32-fw.elf.dir/Drivers/STM32F1xx_HAL_Driver/Src/stm32f1xx_hal_uart.c.obj
                0x080071aa                HAL_UARTEx_RxEventCallback
 .text.UART_Receive_IT
                0x080071ac       0xd0 CMakeFiles/Ctrl-Step-STM32-fw.elf.dir/Drivers/STM32F1xx_HAL_Driver/Src/stm32f1xx_hal_uart.c.obj
 .text.HAL_UART_IRQHandler
                0x0800727c      0x200 CMakeFiles/Ctrl-Step-STM32-fw.elf.dir/Drivers/STM32F1xx_HAL_Driver/Src/stm32f1xx_hal_uart.c.obj
                0x0800727c                HAL_UART_IRQHandler
 .text.UART_DMARxHalfCplt
                0x0800747c       0x1a CMakeFiles/Ctrl-Step-STM32-fw.elf.dir/Drivers/STM32F1xx_HAL_Driver/Src/stm32f1xx_hal_uart.c.obj
 .text.UART_DMAReceiveCplt
                0x08007496       0x5e CMakeFiles/Ctrl-Step-STM32-fw.elf.dir/Drivers/STM32F1xx_HAL_Driver/Src/stm32f1xx_hal_uart.c.obj
 .text.UART_Start_Receive_DMA
                0x080074f4       0x78 CMakeFiles/Ctrl-Step-STM32-fw.elf.dir/Drivers/STM32F1xx_HAL_Driver/Src/stm32f1xx_hal_uart.c.obj
                0x080074f4                UART_Start_Receive_DMA
 .text.HAL_UART_Receive_DMA
                0x0800756c       0x36 CMakeFiles/Ctrl-Step-STM32-fw.elf.dir/Drivers/STM32F1xx_HAL_Driver/Src/stm32f1xx_hal_uart.c.obj
                0x0800756c                HAL_UART_Receive_DMA
 *fill*         0x080075a2        0x2 
 .text.eeprom_buffered_read_byte
                0x080075a4        0xc CMakeFiles/Ctrl-Step-STM32-fw.elf.dir/Port/Platform/Memory/emulated_eeprom.cpp.obj
                0x080075a4                eeprom_buffered_read_byte
 .text.eeprom_buffered_write_byte
                0x080075b0        0xc CMakeFiles/Ctrl-Step-STM32-fw.elf.dir/Port/Platform/Memory/emulated_eeprom.cpp.obj
                0x080075b0                eeprom_buffered_write_byte
 .text.eeprom_buffer_fill
                0x080075bc       0x18 CMakeFiles/Ctrl-Step-STM32-fw.elf.dir/Port/Platform/Memory/emulated_eeprom.cpp.obj
                0x080075bc                eeprom_buffer_fill
 .text.eeprom_buffer_flush
                0x080075d4       0x68 CMakeFiles/Ctrl-Step-STM32-fw.elf.dir/Port/Platform/Memory/emulated_eeprom.cpp.obj
                0x080075d4                eeprom_buffer_flush
 .text.Stockpile_Flash_Data_Empty
                0x0800763c       0x4c CMakeFiles/Ctrl-Step-STM32-fw.elf.dir/Port/Platform/Memory/stockpile_f103cb.c.obj
                0x0800763c                Stockpile_Flash_Data_Empty
 .text.Stockpile_Flash_Data_Begin
                0x08007688        0xe CMakeFiles/Ctrl-Step-STM32-fw.elf.dir/Port/Platform/Memory/stockpile_f103cb.c.obj
                0x08007688                Stockpile_Flash_Data_Begin
 .text.Stockpile_Flash_Data_End
                0x08007696        0x8 CMakeFiles/Ctrl-Step-STM32-fw.elf.dir/Port/Platform/Memory/stockpile_f103cb.c.obj
                0x08007696                Stockpile_Flash_Data_End
 .text.Stockpile_Flash_Data_Write_Data16
                0x0800769e       0x42 CMakeFiles/Ctrl-Step-STM32-fw.elf.dir/Port/Platform/Memory/stockpile_f103cb.c.obj
                0x0800769e                Stockpile_Flash_Data_Write_Data16
 .text.GetSerialNumber
                0x080076e0       0x1c CMakeFiles/Ctrl-Step-STM32-fw.elf.dir/Port/Platform/Utils/st_hardware.c.obj
                0x080076e0                GetSerialNumber
 .text.RetargetInit
                0x080076fc       0x20 CMakeFiles/Ctrl-Step-STM32-fw.elf.dir/Port/Platform/retarget.c.obj
                0x080076fc                RetargetInit
 .text._isatty  0x0800771c       0x16 CMakeFiles/Ctrl-Step-STM32-fw.elf.dir/Port/Platform/retarget.c.obj
                0x0800771c                _isatty
 *fill*         0x08007732        0x2 
 .text._write   0x08007734       0x28 CMakeFiles/Ctrl-Step-STM32-fw.elf.dir/Port/Platform/retarget.c.obj
                0x08007734                _write
 .text._close   0x0800775c       0x18 CMakeFiles/Ctrl-Step-STM32-fw.elf.dir/Port/Platform/retarget.c.obj
                0x0800775c                _close
 .text._lseek   0x08007774       0x10 CMakeFiles/Ctrl-Step-STM32-fw.elf.dir/Port/Platform/retarget.c.obj
                0x08007774                _lseek
 .text._read    0x08007784       0x30 CMakeFiles/Ctrl-Step-STM32-fw.elf.dir/Port/Platform/retarget.c.obj
                0x08007784                _read
 .text._fstat   0x080077b4       0x1a CMakeFiles/Ctrl-Step-STM32-fw.elf.dir/Port/Platform/retarget.c.obj
                0x080077b4                _fstat
 *fill*         0x080077ce        0x2 
 .text._ZN6Button15ReadButtonPinIOEh
                0x080077d0       0x38 CMakeFiles/Ctrl-Step-STM32-fw.elf.dir/Port/button_stm32.cpp.obj
                0x080077d0                Button::ReadButtonPinIO(unsigned char)
 .text._ZN6Button9IsPressedEv
                0x08007808       0x12 CMakeFiles/Ctrl-Step-STM32-fw.elf.dir/Port/button_stm32.cpp.obj
                0x08007808                Button::IsPressed()
 *fill*         0x0800781a        0x2 
 .text._ZN17EncoderCalibrator15BeginWriteFlashEv
                0x0800781c       0x10 CMakeFiles/Ctrl-Step-STM32-fw.elf.dir/Port/encoder_calibrator_stm32.cpp.obj
                0x0800781c                EncoderCalibrator::BeginWriteFlash()
 .text._ZN17EncoderCalibrator13EndWriteFlashEv
                0x0800782c       0x10 CMakeFiles/Ctrl-Step-STM32-fw.elf.dir/Port/encoder_calibrator_stm32.cpp.obj
                0x0800782c                EncoderCalibrator::EndWriteFlash()
 .text._ZN17EncoderCalibrator10ClearFlashEv
                0x0800783c       0x10 CMakeFiles/Ctrl-Step-STM32-fw.elf.dir/Port/encoder_calibrator_stm32.cpp.obj
                0x0800783c                EncoderCalibrator::ClearFlash()
 .text._ZN17EncoderCalibrator22WriteFlash16bitsAppendEt
                0x0800784c       0x1c CMakeFiles/Ctrl-Step-STM32-fw.elf.dir/Port/encoder_calibrator_stm32.cpp.obj
                0x0800784c                EncoderCalibrator::WriteFlash16bitsAppend(unsigned short)
 .text._ZN3Led11SetLedStateEhb
                0x08007868       0x30 CMakeFiles/Ctrl-Step-STM32-fw.elf.dir/Port/led_stm32.cpp.obj
                0x08007868                Led::SetLedState(unsigned char, bool)
 .text._ZN6MT68167SpiInitEv
                0x08007898        0x8 CMakeFiles/Ctrl-Step-STM32-fw.elf.dir/Port/mt6816_stm32.cpp.obj
                0x08007898                MT6816::SpiInit()
 .text._ZN6MT681624SpiTransmitAndRead16BitsEt
                0x080078a0       0x38 CMakeFiles/Ctrl-Step-STM32-fw.elf.dir/Port/mt6816_stm32.cpp.obj
                0x080078a0                MT6816::SpiTransmitAndRead16Bits(unsigned short)
 .text._ZN8TB67H45016DacOutputVoltageEtt
                0x080078d8       0x14 CMakeFiles/Ctrl-Step-STM32-fw.elf.dir/Port/tb67h450_stm32.cpp.obj
                0x080078d8                TB67H450::DacOutputVoltage(unsigned short, unsigned short)
 .text._ZN8TB67H4509SetInputAEbb
                0x080078ec       0x28 CMakeFiles/Ctrl-Step-STM32-fw.elf.dir/Port/tb67h450_stm32.cpp.obj
                0x080078ec                TB67H450::SetInputA(bool, bool)
 .text._ZN8TB67H4509SetInputBEbb
                0x08007914       0x28 CMakeFiles/Ctrl-Step-STM32-fw.elf.dir/Port/tb67h450_stm32.cpp.obj
                0x08007914                TB67H450::SetInputB(bool, bool)
 .text._ZN8TB67H4508InitGpioEv
                0x0800793c       0x64 CMakeFiles/Ctrl-Step-STM32-fw.elf.dir/Port/tb67h450_stm32.cpp.obj
                0x0800793c                TB67H450::InitGpio()
 .text._ZN8TB67H4507InitPwmEv
                0x080079a0        0x8 CMakeFiles/Ctrl-Step-STM32-fw.elf.dir/Port/tb67h450_stm32.cpp.obj
                0x080079a0                TB67H450::InitPwm()
 .text._Z14OnButton1EventN10ButtonBase5EventE
                0x080079a8       0x50 CMakeFiles/Ctrl-Step-STM32-fw.elf.dir/UserApp/main.cpp.obj
                0x080079a8                OnButton1Event(ButtonBase::Event)
 .text._Z14OnButton2EventN10ButtonBase5EventE
                0x080079f8       0x60 CMakeFiles/Ctrl-Step-STM32-fw.elf.dir/UserApp/main.cpp.obj
                0x080079f8                OnButton2Event(ButtonBase::Event)
 .text._ZN13MotionPlannerC2Ev
                0x08007a58       0x86 CMakeFiles/Ctrl-Step-STM32-fw.elf.dir/UserApp/main.cpp.obj
                0x08007a58                MotionPlanner::MotionPlanner()
                0x08007a58                MotionPlanner::MotionPlanner()
 .text._ZN5Motor10ControllerC2EPS_
                0x08007ade       0x4e CMakeFiles/Ctrl-Step-STM32-fw.elf.dir/UserApp/main.cpp.obj
                0x08007ade                Motor::Controller::Controller(Motor*)
                0x08007ade                Motor::Controller::Controller(Motor*)
 .text._ZN5MotorC2Ev
                0x08007b2c       0xd8 CMakeFiles/Ctrl-Step-STM32-fw.elf.dir/UserApp/main.cpp.obj
                0x08007b2c                Motor::Motor()
                0x08007b2c                Motor::Motor()
 .text._ZN8TB67H450C2Ev
                0x08007c04       0x34 CMakeFiles/Ctrl-Step-STM32-fw.elf.dir/UserApp/main.cpp.obj
                0x08007c04                TB67H450::TB67H450()
                0x08007c04                TB67H450::TB67H450()
 .text._ZN21EncoderCalibratorBaseC2EP5Motor
                0x08007c38       0x54 CMakeFiles/Ctrl-Step-STM32-fw.elf.dir/UserApp/main.cpp.obj
                0x08007c38                EncoderCalibratorBase::EncoderCalibratorBase(Motor*)
                0x08007c38                EncoderCalibratorBase::EncoderCalibratorBase(Motor*)
 .text._Z41__static_initialization_and_destruction_0v
                0x08007c8c       0xb8 CMakeFiles/Ctrl-Step-STM32-fw.elf.dir/UserApp/main.cpp.obj
 .text.Tim1Callback100Hz
                0x08007d44       0x8c CMakeFiles/Ctrl-Step-STM32-fw.elf.dir/UserApp/main.cpp.obj
                0x08007d44                Tim1Callback100Hz
 .text.Tim4Callback20kHz
                0x08007dd0       0x30 CMakeFiles/Ctrl-Step-STM32-fw.elf.dir/UserApp/main.cpp.obj
                0x08007dd0                Tim4Callback20kHz
 .text._ZN6EEPROM3getI8Config_tEERT_iS3_
                0x08007e00       0x3c CMakeFiles/Ctrl-Step-STM32-fw.elf.dir/UserApp/main.cpp.obj
                0x08007e00                Config_t& EEPROM::get<Config_t>(int, Config_t&)
 .text._ZN6EEPROM3putI8Config_tEERKT_iS4_
                0x08007e3c       0x50 CMakeFiles/Ctrl-Step-STM32-fw.elf.dir/UserApp/main.cpp.obj
                0x08007e3c                Config_t const& EEPROM::put<Config_t>(int, Config_t const&)
 .text.Main     0x08007e8c      0x1d0 CMakeFiles/Ctrl-Step-STM32-fw.elf.dir/UserApp/main.cpp.obj
                0x08007e8c                Main
 .text._GLOBAL__sub_I_boardConfig
                0x0800805c        0x8 CMakeFiles/Ctrl-Step-STM32-fw.elf.dir/UserApp/main.cpp.obj
 .text.OnCanCmd
                0x08008064      0x630 CMakeFiles/Ctrl-Step-STM32-fw.elf.dir/UserApp/protocols/interface_can.cpp.obj
                0x08008064                OnCanCmd
 .text.OnUartCmd
                0x08008694      0x100 CMakeFiles/Ctrl-Step-STM32-fw.elf.dir/UserApp/protocols/interface_uart.cpp.obj
                0x08008694                OnUartCmd
 .text.Reset_Handler
                0x08008794       0x48 CMakeFiles/Ctrl-Step-STM32-fw.elf.dir/startup/startup_stm32f103xb.s.obj
                0x08008794                Reset_Handler
 .text.Default_Handler
                0x080087dc        0x2 CMakeFiles/Ctrl-Step-STM32-fw.elf.dir/startup/startup_stm32f103xb.s.obj
                0x080087dc                RTC_Alarm_IRQHandler
                0x080087dc                EXTI2_IRQHandler
                0x080087dc                TIM1_CC_IRQHandler
                0x080087dc                PVD_IRQHandler
                0x080087dc                EXTI3_IRQHandler
                0x080087dc                EXTI0_IRQHandler
                0x080087dc                I2C2_EV_IRQHandler
                0x080087dc                ADC1_2_IRQHandler
                0x080087dc                SPI1_IRQHandler
                0x080087dc                TAMPER_IRQHandler
                0x080087dc                USART3_IRQHandler
                0x080087dc                RTC_IRQHandler
                0x080087dc                DMA1_Channel7_IRQHandler
                0x080087dc                I2C1_EV_IRQHandler
                0x080087dc                DMA1_Channel6_IRQHandler
                0x080087dc                RCC_IRQHandler
                0x080087dc                TIM1_TRG_COM_IRQHandler
                0x080087dc                Default_Handler
                0x080087dc                EXTI15_10_IRQHandler
                0x080087dc                SPI2_IRQHandler
                0x080087dc                EXTI4_IRQHandler
                0x080087dc                DMA1_Channel3_IRQHandler
                0x080087dc                WWDG_IRQHandler
                0x080087dc                TIM2_IRQHandler
                0x080087dc                TIM1_BRK_IRQHandler
                0x080087dc                EXTI1_IRQHandler
                0x080087dc                USART2_IRQHandler
                0x080087dc                I2C2_ER_IRQHandler
                0x080087dc                DMA1_Channel2_IRQHandler
                0x080087dc                FLASH_IRQHandler
                0x080087dc                I2C1_ER_IRQHandler
                0x080087dc                USBWakeUp_IRQHandler
 *fill*         0x080087de        0x2 
 .text._ZNK10__cxxabiv117__class_type_info11__do_upcastEPKS0_PPv
                0x080087e0       0x34 C:/Program Files (x86)/Arm/GNU Toolchain mingw-w64-i686-arm-none-eabi/bin/../lib/gcc/arm-none-eabi/15.2.1/../../../../arm-none-eabi/lib/thumb/v7-m/nofp\libstdc++.a(class_type_info.o)
                0x080087e0                __cxxabiv1::__class_type_info::__do_upcast(__cxxabiv1::__class_type_info const*, void**) const
 .text._ZNK10__cxxabiv117__class_type_info20__do_find_public_srcEiPKvPKS0_S2_
                0x08008814        0xc C:/Program Files (x86)/Arm/GNU Toolchain mingw-w64-i686-arm-none-eabi/bin/../lib/gcc/arm-none-eabi/15.2.1/../../../../arm-none-eabi/lib/thumb/v7-m/nofp\libstdc++.a(class_type_info.o)
                0x08008814                __cxxabiv1::__class_type_info::__do_find_public_src(int, void const*, __cxxabiv1::__class_type_info const*, void const*) const
 .text._ZN10__cxxabiv117__class_type_infoD2Ev
                0x08008820       0x14 C:/Program Files (x86)/Arm/GNU Toolchain mingw-w64-i686-arm-none-eabi/bin/../lib/gcc/arm-none-eabi/15.2.1/../../../../arm-none-eabi/lib/thumb/v7-m/nofp\libstdc++.a(class_type_info.o)
                0x08008820                __cxxabiv1::__class_type_info::~__class_type_info()
                0x08008820                __cxxabiv1::__class_type_info::~__class_type_info()
 .text._ZN10__cxxabiv117__class_type_infoD0Ev
                0x08008834       0x1c C:/Program Files (x86)/Arm/GNU Toolchain mingw-w64-i686-arm-none-eabi/bin/../lib/gcc/arm-none-eabi/15.2.1/../../../../arm-none-eabi/lib/thumb/v7-m/nofp\libstdc++.a(class_type_info.o)
                0x08008834                __cxxabiv1::__class_type_info::~__class_type_info()
 .text._ZNK10__cxxabiv117__class_type_info12__do_dyncastEiNS0_10__sub_kindEPKS0_PKvS3_S5_RNS0_16__dyncast_resultE
                0x08008850       0x44 C:/Program Files (x86)/Arm/GNU Toolchain mingw-w64-i686-arm-none-eabi/bin/../lib/gcc/arm-none-eabi/15.2.1/../../../../arm-none-eabi/lib/thumb/v7-m/nofp\libstdc++.a(class_type_info.o)
                0x08008850                __cxxabiv1::__class_type_info::__do_dyncast(int, __cxxabiv1::__class_type_info::__sub_kind, __cxxabiv1::__class_type_info const*, void const*, __cxxabiv1::__class_type_info const*, void const*, __cxxabiv1::__class_type_info::__dyncast_result&) const
 .text._ZNK10__cxxabiv117__class_type_info11__do_upcastEPKS0_PKvRNS0_15__upcast_resultE
                0x08008894       0x20 C:/Program Files (x86)/Arm/GNU Toolchain mingw-w64-i686-arm-none-eabi/bin/../lib/gcc/arm-none-eabi/15.2.1/../../../../arm-none-eabi/lib/thumb/v7-m/nofp\libstdc++.a(class_type_info.o)
                0x08008894                __cxxabiv1::__class_type_info::__do_upcast(__cxxabiv1::__class_type_info const*, void const*, __cxxabiv1::__class_type_info::__upcast_result&) const
 .text._ZNK10__cxxabiv117__class_type_info10__do_catchEPKSt9type_infoPPvj
                0x080088b4       0x2c C:/Program Files (x86)/Arm/GNU Toolchain mingw-w64-i686-arm-none-eabi/bin/../lib/gcc/arm-none-eabi/15.2.1/../../../../arm-none-eabi/lib/thumb/v7-m/nofp\libstdc++.a(class_type_info.o)
                0x080088b4                __cxxabiv1::__class_type_info::__do_catch(std::type_info const*, void**, unsigned int) const
 .text._ZdlPvj  0x080088e0        0x4 C:/Program Files (x86)/Arm/GNU Toolchain mingw-w64-i686-arm-none-eabi/bin/../lib/gcc/arm-none-eabi/15.2.1/../../../../arm-none-eabi/lib/thumb/v7-m/nofp\libstdc++.a(del_ops.o)
                0x080088e0                operator delete(void*, unsigned int)
 .text._ZN10__cxxabiv120__si_class_type_infoD2Ev
                0x080088e4       0x14 C:/Program Files (x86)/Arm/GNU Toolchain mingw-w64-i686-arm-none-eabi/bin/../lib/gcc/arm-none-eabi/15.2.1/../../../../arm-none-eabi/lib/thumb/v7-m/nofp\libstdc++.a(si_class_type_info.o)
                0x080088e4                __cxxabiv1::__si_class_type_info::~__si_class_type_info()
                0x080088e4                __cxxabiv1::__si_class_type_info::~__si_class_type_info()
 .text._ZN10__cxxabiv120__si_class_type_infoD0Ev
                0x080088f8       0x1c C:/Program Files (x86)/Arm/GNU Toolchain mingw-w64-i686-arm-none-eabi/bin/../lib/gcc/arm-none-eabi/15.2.1/../../../../arm-none-eabi/lib/thumb/v7-m/nofp\libstdc++.a(si_class_type_info.o)
                0x080088f8                __cxxabiv1::__si_class_type_info::~__si_class_type_info()
 .text._ZNK10__cxxabiv120__si_class_type_info20__do_find_public_srcEiPKvPKNS_17__class_type_infoES2_
                0x08008914       0x40 C:/Program Files (x86)/Arm/GNU Toolchain mingw-w64-i686-arm-none-eabi/bin/../lib/gcc/arm-none-eabi/15.2.1/../../../../arm-none-eabi/lib/thumb/v7-m/nofp\libstdc++.a(si_class_type_info.o)
                0x08008914                __cxxabiv1::__si_class_type_info::__do_find_public_src(int, void const*, __cxxabiv1::__class_type_info const*, void const*) const
 .text._ZNK10__cxxabiv120__si_class_type_info12__do_dyncastEiNS_17__class_type_info10__sub_kindEPKS1_PKvS4_S6_RNS1_16__dyncast_resultE
                0x08008954       0x80 C:/Program Files (x86)/Arm/GNU Toolchain mingw-w64-i686-arm-none-eabi/bin/../lib/gcc/arm-none-eabi/15.2.1/../../../../arm-none-eabi/lib/thumb/v7-m/nofp\libstdc++.a(si_class_type_info.o)
                0x08008954                __cxxabiv1::__si_class_type_info::__do_dyncast(int, __cxxabiv1::__class_type_info::__sub_kind, __cxxabiv1::__class_type_info const*, void const*, __cxxabiv1::__class_type_info const*, void const*, __cxxabiv1::__class_type_info::__dyncast_result&) const
 .text._ZNK10__cxxabiv120__si_class_type_info11__do_upcastEPKNS_17__class_type_infoEPKvRNS1_15__upcast_resultE
                0x080089d4       0x30 C:/Program Files (x86)/Arm/GNU Toolchain mingw-w64-i686-arm-none-eabi/bin/../lib/gcc/arm-none-eabi/15.2.1/../../../../arm-none-eabi/lib/thumb/v7-m/nofp\libstdc++.a(si_class_type_info.o)
                0x080089d4                __cxxabiv1::__si_class_type_info::__do_upcast(__cxxabiv1::__class_type_info const*, void const*, __cxxabiv1::__class_type_info::__upcast_result&) const
 .text._ZNSt9type_infoD2Ev
                0x08008a04        0x4 C:/Program Files (x86)/Arm/GNU Toolchain mingw-w64-i686-arm-none-eabi/bin/../lib/gcc/arm-none-eabi/15.2.1/../../../../arm-none-eabi/lib/thumb/v7-m/nofp\libstdc++.a(tinfo.o)
                0x08008a04                std::type_info::~type_info()
                0x08008a04                std::type_info::~type_info()
 .text._ZNKSt9type_info14__is_pointer_pEv
                0x08008a08        0x4 C:/Program Files (x86)/Arm/GNU Toolchain mingw-w64-i686-arm-none-eabi/bin/../lib/gcc/arm-none-eabi/15.2.1/../../../../arm-none-eabi/lib/thumb/v7-m/nofp\libstdc++.a(tinfo.o)
                0x08008a08                std::type_info::__is_pointer_p() const
                0x08008a08                std::type_info::__is_function_p() const
 .text._ZNKSt9type_infoeqERKS_
                0x08008a0c       0x2c C:/Program Files (x86)/Arm/GNU Toolchain mingw-w64-i686-arm-none-eabi/bin/../lib/gcc/arm-none-eabi/15.2.1/../../../../arm-none-eabi/lib/thumb/v7-m/nofp\libstdc++.a(tinfo.o)
                0x08008a0c                std::type_info::operator==(std::type_info const&) const
                0x08008a0c                std::type_info::__equal(std::type_info const&) const
 .text._ZdlPv   0x08008a38        0x4 C:/Program Files (x86)/Arm/GNU Toolchain mingw-w64-i686-arm-none-eabi/bin/../lib/gcc/arm-none-eabi/15.2.1/../../../../arm-none-eabi/lib/thumb/v7-m/nofp\libstdc++.a(del_op.o)
                0x08008a38                operator delete(void*)
 .text.log      0x08008a3c       0x6c C:/Program Files (x86)/Arm/GNU Toolchain mingw-w64-i686-arm-none-eabi/bin/../lib/gcc/arm-none-eabi/15.2.1/../../../../arm-none-eabi/lib/thumb/v7-m/nofp\libm.a(libm_a-w_log.o)
                0x08008a3c                log
 .text.sqrtf    0x08008aa8       0x3c C:/Program Files (x86)/Arm/GNU Toolchain mingw-w64-i686-arm-none-eabi/bin/../lib/gcc/arm-none-eabi/15.2.1/../../../../arm-none-eabi/lib/thumb/v7-m/nofp\libm.a(libm_a-wf_sqrt.o)
                0x08008aa8                sqrtf
 .text.nan      0x08008ae4        0xc C:/Program Files (x86)/Arm/GNU Toolchain mingw-w64-i686-arm-none-eabi/bin/../lib/gcc/arm-none-eabi/15.2.1/../../../../arm-none-eabi/lib/thumb/v7-m/nofp\libm.a(libm_a-s_nan.o)
                0x08008ae4                nan
 .text.__ieee754_sqrtf
                0x08008af0       0xe4 C:/Program Files (x86)/Arm/GNU Toolchain mingw-w64-i686-arm-none-eabi/bin/../lib/gcc/arm-none-eabi/15.2.1/../../../../arm-none-eabi/lib/thumb/v7-m/nofp\libm.a(libm_a-ef_sqrt.o)
                0x08008af0                __ieee754_sqrtf
 *fill*         0x08008bd4        0x4 
 .text.__ieee754_log
                0x08008bd8      0x3e0 C:/Program Files (x86)/Arm/GNU Toolchain mingw-w64-i686-arm-none-eabi/bin/../lib/gcc/arm-none-eabi/15.2.1/../../../../arm-none-eabi/lib/thumb/v7-m/nofp\libm.a(libm_a-e_log.o)
                0x08008bd8                __ieee754_log
 .text.selfrel_offset31
                0x08008fb8       0x14 C:/Program Files (x86)/Arm/GNU Toolchain mingw-w64-i686-arm-none-eabi/bin/../lib/gcc/arm-none-eabi/15.2.1/thumb/v7-m/nofp\libgcc.a(unwind-arm.o)
 .text.search_EIT_table
                0x08008fcc       0x60 C:/Program Files (x86)/Arm/GNU Toolchain mingw-w64-i686-arm-none-eabi/bin/../lib/gcc/arm-none-eabi/15.2.1/thumb/v7-m/nofp\libgcc.a(unwind-arm.o)
 .text.__gnu_unwind_get_pr_addr
                0x0800902c       0x28 C:/Program Files (x86)/Arm/GNU Toolchain mingw-w64-i686-arm-none-eabi/bin/../lib/gcc/arm-none-eabi/15.2.1/thumb/v7-m/nofp\libgcc.a(unwind-arm.o)
 .text.get_eit_entry
                0x08009054       0x9c C:/Program Files (x86)/Arm/GNU Toolchain mingw-w64-i686-arm-none-eabi/bin/../lib/gcc/arm-none-eabi/15.2.1/thumb/v7-m/nofp\libgcc.a(unwind-arm.o)
 .text.restore_non_core_regs
                0x080090f0       0x58 C:/Program Files (x86)/Arm/GNU Toolchain mingw-w64-i686-arm-none-eabi/bin/../lib/gcc/arm-none-eabi/15.2.1/thumb/v7-m/nofp\libgcc.a(unwind-arm.o)
 .text._Unwind_decode_typeinfo_ptr.constprop.0
                0x08009148        0xc C:/Program Files (x86)/Arm/GNU Toolchain mingw-w64-i686-arm-none-eabi/bin/../lib/gcc/arm-none-eabi/15.2.1/thumb/v7-m/nofp\libgcc.a(unwind-arm.o)
 .text._Unwind_DebugHook
                0x08009154        0x4 C:/Program Files (x86)/Arm/GNU Toolchain mingw-w64-i686-arm-none-eabi/bin/../lib/gcc/arm-none-eabi/15.2.1/thumb/v7-m/nofp\libgcc.a(unwind-arm.o)
 .text.unwind_phase2
                0x08009158       0x40 C:/Program Files (x86)/Arm/GNU Toolchain mingw-w64-i686-arm-none-eabi/bin/../lib/gcc/arm-none-eabi/15.2.1/thumb/v7-m/nofp\libgcc.a(unwind-arm.o)
 .text.unwind_phase2_forced
                0x08009198       0xd8 C:/Program Files (x86)/Arm/GNU Toolchain mingw-w64-i686-arm-none-eabi/bin/../lib/gcc/arm-none-eabi/15.2.1/thumb/v7-m/nofp\libgcc.a(unwind-arm.o)
 .text.__gnu_Unwind_RaiseException
                0x08009270       0x70 C:/Program Files (x86)/Arm/GNU Toolchain mingw-w64-i686-arm-none-eabi/bin/../lib/gcc/arm-none-eabi/15.2.1/thumb/v7-m/nofp\libgcc.a(unwind-arm.o)
                0x08009270                __gnu_Unwind_RaiseException
 .text.__gnu_Unwind_ForcedUnwind
                0x080092e0       0x18 C:/Program Files (x86)/Arm/GNU Toolchain mingw-w64-i686-arm-none-eabi/bin/../lib/gcc/arm-none-eabi/15.2.1/thumb/v7-m/nofp\libgcc.a(unwind-arm.o)
                0x080092e0                __gnu_Unwind_ForcedUnwind
 .text.__gnu_Unwind_Resume
                0x080092f8       0x44 C:/Program Files (x86)/Arm/GNU Toolchain mingw-w64-i686-arm-none-eabi/bin/../lib/gcc/arm-none-eabi/15.2.1/thumb/v7-m/nofp\libgcc.a(unwind-arm.o)
                0x080092f8                __gnu_Unwind_Resume
 .text.__gnu_Unwind_Resume_or_Rethrow
                0x0800933c       0x18 C:/Program Files (x86)/Arm/GNU Toolchain mingw-w64-i686-arm-none-eabi/bin/../lib/gcc/arm-none-eabi/15.2.1/thumb/v7-m/nofp\libgcc.a(unwind-arm.o)
                0x0800933c                __gnu_Unwind_Resume_or_Rethrow
 .text._Unwind_VRS_Get
                0x08009354       0x34 C:/Program Files (x86)/Arm/GNU Toolchain mingw-w64-i686-arm-none-eabi/bin/../lib/gcc/arm-none-eabi/15.2.1/thumb/v7-m/nofp\libgcc.a(unwind-arm.o)
                0x08009354                _Unwind_VRS_Get
 .text._Unwind_GetGR
                0x08009388       0x18 C:/Program Files (x86)/Arm/GNU Toolchain mingw-w64-i686-arm-none-eabi/bin/../lib/gcc/arm-none-eabi/15.2.1/thumb/v7-m/nofp\libgcc.a(unwind-arm.o)
 .text._Unwind_VRS_Set
                0x080093a0       0x34 C:/Program Files (x86)/Arm/GNU Toolchain mingw-w64-i686-arm-none-eabi/bin/../lib/gcc/arm-none-eabi/15.2.1/thumb/v7-m/nofp\libgcc.a(unwind-arm.o)
                0x080093a0                _Unwind_VRS_Set
 .text._Unwind_SetGR
                0x080093d4       0x1c C:/Program Files (x86)/Arm/GNU Toolchain mingw-w64-i686-arm-none-eabi/bin/../lib/gcc/arm-none-eabi/15.2.1/thumb/v7-m/nofp\libgcc.a(unwind-arm.o)
 .text.__gnu_Unwind_Backtrace
                0x080093f0       0x88 C:/Program Files (x86)/Arm/GNU Toolchain mingw-w64-i686-arm-none-eabi/bin/../lib/gcc/arm-none-eabi/15.2.1/thumb/v7-m/nofp\libgcc.a(unwind-arm.o)
                0x080093f0                __gnu_Unwind_Backtrace
 .text.__gnu_unwind_pr_common
                0x08009478      0x298 C:/Program Files (x86)/Arm/GNU Toolchain mingw-w64-i686-arm-none-eabi/bin/../lib/gcc/arm-none-eabi/15.2.1/thumb/v7-m/nofp\libgcc.a(unwind-arm.o)
 .text.__aeabi_unwind_cpp_pr0
                0x08009710        0x8 C:/Program Files (x86)/Arm/GNU Toolchain mingw-w64-i686-arm-none-eabi/bin/../lib/gcc/arm-none-eabi/15.2.1/thumb/v7-m/nofp\libgcc.a(unwind-arm.o)
                0x08009710                __aeabi_unwind_cpp_pr0
 .text.__aeabi_unwind_cpp_pr1